Archive member included to satisfy reference by file (symbol)

/usr/lib/gcc/arm-none-eabi/9.2.1/thumb/v6-m/nofp/libgcc.a(_dvmd_tls.o)
                              CMakeFiles/hid.dir/home/hasumi/pico/pico-sdk/src/rp2_common/pico_divider/divider.S.obj (__aeabi_idiv0)
/usr/lib/gcc/arm-none-eabi/9.2.1/../../../arm-none-eabi/lib/thumb/v6-m/nofp/libc.a(lib_a-atexit.o)
                              /usr/lib/gcc/arm-none-eabi/9.2.1/../../../arm-none-eabi/lib/thumb/v6-m/nofp/crt0.o (atexit)
/usr/lib/gcc/arm-none-eabi/9.2.1/../../../arm-none-eabi/lib/thumb/v6-m/nofp/libc.a(lib_a-calloc.o)
                              CMakeFiles/hid.dir/home/hasumi/pico/pico-sdk/src/rp2_common/pico_malloc/pico_malloc.c.obj (calloc)
/usr/lib/gcc/arm-none-eabi/9.2.1/../../../arm-none-eabi/lib/thumb/v6-m/nofp/libc.a(lib_a-callocr.o)
                              /usr/lib/gcc/arm-none-eabi/9.2.1/../../../arm-none-eabi/lib/thumb/v6-m/nofp/libc.a(lib_a-calloc.o) (_calloc_r)
/usr/lib/gcc/arm-none-eabi/9.2.1/../../../arm-none-eabi/lib/thumb/v6-m/nofp/libc.a(lib_a-fini.o)
                              /usr/lib/gcc/arm-none-eabi/9.2.1/../../../arm-none-eabi/lib/thumb/v6-m/nofp/crt0.o (__libc_fini_array)
/usr/lib/gcc/arm-none-eabi/9.2.1/../../../arm-none-eabi/lib/thumb/v6-m/nofp/libc.a(lib_a-impure.o)
                              /usr/lib/gcc/arm-none-eabi/9.2.1/../../../arm-none-eabi/lib/thumb/v6-m/nofp/libc.a(lib_a-calloc.o) (_impure_ptr)
/usr/lib/gcc/arm-none-eabi/9.2.1/../../../arm-none-eabi/lib/thumb/v6-m/nofp/libc.a(lib_a-init.o)
                              /usr/lib/gcc/arm-none-eabi/9.2.1/../../../arm-none-eabi/lib/thumb/v6-m/nofp/crt0.o (__libc_init_array)
/usr/lib/gcc/arm-none-eabi/9.2.1/../../../arm-none-eabi/lib/thumb/v6-m/nofp/libc.a(lib_a-malloc.o)
                              CMakeFiles/hid.dir/home/hasumi/pico/pico-sdk/src/rp2_common/pico_malloc/pico_malloc.c.obj (malloc)
/usr/lib/gcc/arm-none-eabi/9.2.1/../../../arm-none-eabi/lib/thumb/v6-m/nofp/libc.a(lib_a-mallocr.o)
                              /usr/lib/gcc/arm-none-eabi/9.2.1/../../../arm-none-eabi/lib/thumb/v6-m/nofp/libc.a(lib_a-callocr.o) (_malloc_r)
/usr/lib/gcc/arm-none-eabi/9.2.1/../../../arm-none-eabi/lib/thumb/v6-m/nofp/libc.a(lib_a-mlock.o)
                              /usr/lib/gcc/arm-none-eabi/9.2.1/../../../arm-none-eabi/lib/thumb/v6-m/nofp/libc.a(lib_a-mallocr.o) (__malloc_lock)
/usr/lib/gcc/arm-none-eabi/9.2.1/../../../arm-none-eabi/lib/thumb/v6-m/nofp/libc.a(lib_a-sbrkr.o)
                              /usr/lib/gcc/arm-none-eabi/9.2.1/../../../arm-none-eabi/lib/thumb/v6-m/nofp/libc.a(lib_a-mallocr.o) (_sbrk_r)
/usr/lib/gcc/arm-none-eabi/9.2.1/../../../arm-none-eabi/lib/thumb/v6-m/nofp/libc.a(lib_a-strlen-stub.o)
                              CMakeFiles/hid.dir/home/hasumi/pico/pico-sdk/src/rp2_common/pico_stdio/stdio.c.obj (strlen)
/usr/lib/gcc/arm-none-eabi/9.2.1/../../../arm-none-eabi/lib/thumb/v6-m/nofp/libc.a(lib_a-__atexit.o)
                              /usr/lib/gcc/arm-none-eabi/9.2.1/../../../arm-none-eabi/lib/thumb/v6-m/nofp/libc.a(lib_a-atexit.o) (__register_exitproc)
/usr/lib/gcc/arm-none-eabi/9.2.1/../../../arm-none-eabi/lib/thumb/v6-m/nofp/libc.a(lib_a-freer.o)
                              /usr/lib/gcc/arm-none-eabi/9.2.1/../../../arm-none-eabi/lib/thumb/v6-m/nofp/libc.a(lib_a-malloc.o) (_free_r)
/usr/lib/gcc/arm-none-eabi/9.2.1/../../../arm-none-eabi/lib/thumb/v6-m/nofp/libc.a(lib_a-reent.o)
                              /usr/lib/gcc/arm-none-eabi/9.2.1/../../../arm-none-eabi/lib/thumb/v6-m/nofp/libc.a(lib_a-sbrkr.o) (errno)

Allocating common symbols
Common symbol       size              file

sf_table            0x100             CMakeFiles/hid.dir/home/hasumi/pico/pico-sdk/src/rp2_common/pico_float/float_init_rom.c.obj
errno               0x4               /usr/lib/gcc/arm-none-eabi/9.2.1/../../../arm-none-eabi/lib/thumb/v6-m/nofp/libc.a(lib_a-reent.o)
_usbd_qdef_buf      0xc0              CMakeFiles/hid.dir/home/hasumi/pico/pico-sdk/lib/tinyusb/src/device/usbd.c.obj
sf_clz_func         0x4               CMakeFiles/hid.dir/home/hasumi/pico/pico-sdk/src/rp2_common/pico_float/float_init_rom.c.obj
sd_table            0x100             CMakeFiles/hid.dir/home/hasumi/pico/pico-sdk/src/rp2_common/pico_double/double_init_rom.c.obj
uart_char_to_line_feed
                    0x4               CMakeFiles/hid.dir/home/hasumi/pico/pico-sdk/src/rp2_common/hardware_uart/uart.c.obj

Discarded input sections

 .text          0x0000000000000000        0x0 /usr/lib/gcc/arm-none-eabi/9.2.1/thumb/v6-m/nofp/crti.o
 .data          0x0000000000000000        0x0 /usr/lib/gcc/arm-none-eabi/9.2.1/thumb/v6-m/nofp/crti.o
 .bss           0x0000000000000000        0x0 /usr/lib/gcc/arm-none-eabi/9.2.1/thumb/v6-m/nofp/crti.o
 .data          0x0000000000000000        0x4 /usr/lib/gcc/arm-none-eabi/9.2.1/thumb/v6-m/nofp/crtbegin.o
 .fini_array    0x0000000000000000        0x4 /usr/lib/gcc/arm-none-eabi/9.2.1/thumb/v6-m/nofp/crtbegin.o
[...]
Memory Configuration

Name             Origin             Length             Attributes
FLASH            0x0000000010000000 0x0000000000200000 xr
RAM              0x0000000020000000 0x0000000000040000 xrw
SCRATCH_X        0x0000000020040000 0x0000000000001000 xrw
SCRATCH_Y        0x0000000020041000 0x0000000000001000 xrw
*default*        0x0000000000000000 0xffffffffffffffff

Linker script and memory map

LOAD /usr/lib/gcc/arm-none-eabi/9.2.1/thumb/v6-m/nofp/crti.o
LOAD /usr/lib/gcc/arm-none-eabi/9.2.1/thumb/v6-m/nofp/crtbegin.o
LOAD /usr/lib/gcc/arm-none-eabi/9.2.1/../../../arm-none-eabi/lib/thumb/v6-m/nofp/crt0.o

.flash_begin    0x0000000010000000        0x0
                0x0000000010000000                __flash_binary_start = .

.boot2          0x0000000010000000      0x100
                0x0000000010000000                __boot2_start__ = .
 *(.boot2)
 .boot2         0x0000000010000000      0x100 /tmp/ccEwlWxS.o
                0x0000000010000100                __boot2_end__ = .
                0x0000000000000001                ASSERT (((__boot2_end__ - __boot2_start__) == 0x100), ERROR: Pico second stage bootloader must be 256 bytes in size)

.text           0x0000000010000100     0x3e38
                0x0000000010000100                __logical_binary_start = .
 *(.vectors)
 .vectors       0x0000000010000100       0xd4 CMakeFiles/hid.dir/home/hasumi/pico/pico-sdk/src/rp2_common/pico_standard_link/crt0.S.obj
                0x0000000010000100                __vectors
                0x00000000100001c0                isr_invalid
                0x00000000100001c2                isr_nmi
                0x00000000100001c4                isr_hardfault
                0x00000000100001c6                isr_svcall
                0x00000000100001c8                isr_pendsv
                0x00000000100001ca                isr_systick
                0x00000000100001cc                isr_irq30
                0x00000000100001cc                __unhandled_user_irq
                0x00000000100001cc                isr_irq13
                0x00000000100001cc                isr_irq27
                0x00000000100001cc                isr_irq31
                0x00000000100001cc                isr_irq5
                0x00000000100001cc                isr_irq11
                0x00000000100001cc                isr_irq23
                0x00000000100001cc                isr_irq18
                0x00000000100001cc                isr_irq28
                0x00000000100001cc                isr_irq19
                0x00000000100001cc                isr_irq0
                0x00000000100001cc                isr_irq6
                0x00000000100001cc                isr_irq22
                0x00000000100001cc                isr_irq17
                0x00000000100001cc                isr_irq14
                0x00000000100001cc                isr_irq2
                0x00000000100001cc                isr_irq10
                0x00000000100001cc                isr_irq8
                0x00000000100001cc                isr_irq24
                0x00000000100001cc                isr_irq1
                0x00000000100001cc                isr_irq7
                0x00000000100001cc                isr_irq21
                0x00000000100001cc                isr_irq20
                0x00000000100001cc                isr_irq15
                0x00000000100001cc                isr_irq25
                0x00000000100001cc                isr_irq4
                0x00000000100001cc                isr_irq16
                0x00000000100001cc                isr_irq29
                0x00000000100001cc                isr_irq26
                0x00000000100001cc                isr_irq3
                0x00000000100001cc                isr_irq12
                0x00000000100001cc                isr_irq9
                0x00000000100001d2                unhandled_user_irq_num_in_r0
 *(.binary_info_header)
 .binary_info_header
                0x00000000100001d4       0x14 CMakeFiles/hid.dir/home/hasumi/pico/pico-sdk/src/rp2_common/pico_standard_link/crt0.S.obj
                0x00000000100001e8                __binary_info_header_end = .
 *(.reset)
 .reset         0x00000000100001e8       0xa8 CMakeFiles/hid.dir/home/hasumi/pico/pico-sdk/src/rp2_common/pico_standard_link/crt0.S.obj
                0x00000000100001e8                _entry_point
                0x0000000010000266                __get_current_exception
 .reset         0x0000000010000290       0x30 CMakeFiles/hid.dir/home/hasumi/pico/pico-sdk/src/rp2_common/pico_standard_link/binary_info.c.obj
 *(.init)
 .init          0x00000000100002c0        0x4 /usr/lib/gcc/arm-none-eabi/9.2.1/thumb/v6-m/nofp/crti.o
                0x00000000100002c0                _init
 *(EXCLUDE_FILE(*libm.a: *libc.a:*lib_a-mem*.o *libgcc.a:) .text*)
 .text          0x00000000100002c4       0x98 /usr/lib/gcc/arm-none-eabi/9.2.1/thumb/v6-m/nofp/crtbegin.o
 .text.tud_descriptor_device_cb
                0x000000001000035c        0x8 CMakeFiles/hid.dir/hid.c.obj
                0x000000001000035c                tud_descriptor_device_cb
 .text.tud_descriptor_configuration_cb
                0x0000000010000364        0x8 CMakeFiles/hid.dir/hid.c.obj
                0x0000000010000364                tud_descriptor_configuration_cb
 .text.tud_descriptor_string_cb
                0x000000001000036c       0x1c CMakeFiles/hid.dir/hid.c.obj
                0x000000001000036c                tud_descriptor_string_cb
 .text.tud_hid_descriptor_report_cb
                0x0000000010000388        0x8 CMakeFiles/hid.dir/hid.c.obj
                0x0000000010000388                tud_hid_descriptor_report_cb
 .text.tud_hid_get_report_cb
                0x0000000010000390        0x4 CMakeFiles/hid.dir/hid.c.obj
                0x0000000010000390                tud_hid_get_report_cb
 .text.tud_hid_set_report_cb
                0x0000000010000394        0x4 CMakeFiles/hid.dir/hid.c.obj
                0x0000000010000394                tud_hid_set_report_cb
 .text.startup.main
                0x0000000010000398       0xe8 CMakeFiles/hid.dir/hid.c.obj
                0x0000000010000398                main
 .text.setup_default_uart
                0x0000000010000480        0x8 CMakeFiles/hid.dir/home/hasumi/pico/pico-sdk/src/rp2_common/pico_stdlib/stdlib.c.obj
                0x0000000010000480                setup_default_uart
 .text.gpio_set_function
                0x0000000010000488       0x30 CMakeFiles/hid.dir/home/hasumi/pico/pico-sdk/src/rp2_common/hardware_gpio/gpio.c.obj
                0x0000000010000488                gpio_set_function
 .text.gpio_init
                0x00000000100004b8       0x3c CMakeFiles/hid.dir/home/hasumi/pico/pico-sdk/src/rp2_common/hardware_gpio/gpio.c.obj
                0x00000000100004b8                gpio_init
 .text.hw_claim_or_assert
                0x00000000100004f4       0x60 CMakeFiles/hid.dir/home/hasumi/pico/pico-sdk/src/rp2_common/hardware_claim/claim.c.obj
                0x00000000100004f4                hw_claim_or_assert
 .text.hw_claim_unused_from_range
                0x0000000010000554       0x9c CMakeFiles/hid.dir/home/hasumi/pico/pico-sdk/src/rp2_common/hardware_claim/claim.c.obj
                0x0000000010000554                hw_claim_unused_from_range
 .text.spin_locks_reset
                0x00000000100005f0       0x1c CMakeFiles/hid.dir/home/hasumi/pico/pico-sdk/src/rp2_common/hardware_sync/sync.c.obj
                0x00000000100005f0                spin_locks_reset
 .text.next_striped_spin_lock_num
                0x000000001000060c       0x18 CMakeFiles/hid.dir/home/hasumi/pico/pico-sdk/src/rp2_common/hardware_sync/sync.c.obj
                0x000000001000060c                next_striped_spin_lock_num
 .text.spin_lock_claim_unused
                0x0000000010000624       0x20 CMakeFiles/hid.dir/home/hasumi/pico/pico-sdk/src/rp2_common/hardware_sync/sync.c.obj
                0x0000000010000624                spin_lock_claim_unused
 .text.running_on_fpga
                0x0000000010000644       0x10 CMakeFiles/hid.dir/home/hasumi/pico/pico-sdk/src/rp2_common/pico_platform/platform.c.obj
                0x0000000010000644                running_on_fpga
 .text.uart_init
                0x0000000010000654       0xe4 CMakeFiles/hid.dir/home/hasumi/pico/pico-sdk/src/rp2_common/hardware_uart/uart.c.obj
                0x0000000010000654                uart_init
 .text.timer_pool_entry_comparator
                0x0000000010000738       0x34 CMakeFiles/hid.dir/home/hasumi/pico/pico-sdk/src/common/pico_time/time.c.obj
                0x0000000010000738                timer_pool_entry_comparator
 .text.sev_callback
                0x000000001000076c        0x8 CMakeFiles/hid.dir/home/hasumi/pico/pico-sdk/src/common/pico_time/time.c.obj
 .text.add_alarm_under_lock
                0x0000000010000774      0x108 CMakeFiles/hid.dir/home/hasumi/pico/pico-sdk/src/common/pico_time/time.c.obj
 .text.alarm_pool_alarm_callback
                0x000000001000087c      0x1b0 CMakeFiles/hid.dir/home/hasumi/pico/pico-sdk/src/common/pico_time/time.c.obj
 .text.alarm_pool_init_default
                0x0000000010000a2c       0x58 CMakeFiles/hid.dir/home/hasumi/pico/pico-sdk/src/common/pico_time/time.c.obj
                0x0000000010000a2c                alarm_pool_init_default
 .text.alarm_pool_cancel_alarm
                0x0000000010000a84       0x70 CMakeFiles/hid.dir/home/hasumi/pico/pico-sdk/src/common/pico_time/time.c.obj
                0x0000000010000a84                alarm_pool_cancel_alarm
 .text.best_effort_wfe_or_timeout
                0x0000000010000af4      0x174 CMakeFiles/hid.dir/home/hasumi/pico/pico-sdk/src/common/pico_time/time.c.obj
                0x0000000010000af4                best_effort_wfe_or_timeout
 .text.hardware_alarm_irq_handler
                0x0000000010000c68       0xb8 CMakeFiles/hid.dir/home/hasumi/pico/pico-sdk/src/rp2_common/hardware_timer/timer.c.obj
 .text.hardware_alarm_claim
                0x0000000010000d20       0x18 CMakeFiles/hid.dir/home/hasumi/pico/pico-sdk/src/rp2_common/hardware_timer/timer.c.obj
                0x0000000010000d20                hardware_alarm_claim
 .text.time_us_64
                0x0000000010000d38       0x14 CMakeFiles/hid.dir/home/hasumi/pico/pico-sdk/src/rp2_common/hardware_timer/timer.c.obj
                0x0000000010000d38                time_us_64
 .text.hardware_alarm_set_callback
                0x0000000010000d4c       0x8c CMakeFiles/hid.dir/home/hasumi/pico/pico-sdk/src/rp2_common/hardware_timer/timer.c.obj
                0x0000000010000d4c                hardware_alarm_set_callback
 .text.hardware_alarm_set_target
                0x0000000010000dd8       0xdc CMakeFiles/hid.dir/home/hasumi/pico/pico-sdk/src/rp2_common/hardware_timer/timer.c.obj
                0x0000000010000dd8                hardware_alarm_set_target
 .text.hardware_alarm_cancel
                0x0000000010000eb4       0x40 CMakeFiles/hid.dir/home/hasumi/pico/pico-sdk/src/rp2_common/hardware_timer/timer.c.obj
                0x0000000010000eb4                hardware_alarm_cancel
 .text.lock_init
                0x0000000010000ef4       0x10 CMakeFiles/hid.dir/home/hasumi/pico/pico-sdk/src/common/pico_sync/lock_core.c.obj
                0x0000000010000ef4                lock_init
 .text.mutex_init
                0x0000000010000f04       0x1c CMakeFiles/hid.dir/home/hasumi/pico/pico-sdk/src/common/pico_sync/mutex.c.obj
                0x0000000010000f04                mutex_init
 .text.critical_section_init
                0x0000000010000f20       0x18 CMakeFiles/hid.dir/home/hasumi/pico/pico-sdk/src/common/pico_sync/critical_section.c.obj
                0x0000000010000f20                critical_section_init
 .text.ph_merge_nodes
                0x0000000010000f38       0x68 CMakeFiles/hid.dir/home/hasumi/pico/pico-sdk/src/common/pico_util/pheap.c.obj
 .text.ph_post_alloc_init
                0x0000000010000fa0       0x3c CMakeFiles/hid.dir/home/hasumi/pico/pico-sdk/src/common/pico_util/pheap.c.obj
                0x0000000010000fa0                ph_post_alloc_init
 .text.ph_merge_two_pass
                0x0000000010000fdc       0x90 CMakeFiles/hid.dir/home/hasumi/pico/pico-sdk/src/common/pico_util/pheap.c.obj
                0x0000000010000fdc                ph_merge_two_pass
 .text.ph_remove_any_head
                0x000000001000106c       0xf8 CMakeFiles/hid.dir/home/hasumi/pico/pico-sdk/src/common/pico_util/pheap.c.obj
 .text.ph_remove_head
                0x0000000010001164      0x13c CMakeFiles/hid.dir/home/hasumi/pico/pico-sdk/src/common/pico_util/pheap.c.obj
                0x0000000010001164                ph_remove_head
 .text.ph_remove_and_free_node
                0x00000000100012a0       0x7c CMakeFiles/hid.dir/home/hasumi/pico/pico-sdk/src/common/pico_util/pheap.c.obj
                0x00000000100012a0                ph_remove_and_free_node
 .text.runtime_init
                0x000000001000131c       0xec CMakeFiles/hid.dir/home/hasumi/pico/pico-sdk/src/rp2_common/pico_runtime/runtime.c.obj
                0x000000001000131c                runtime_init
 .text.exit     0x0000000010001408        0x4 CMakeFiles/hid.dir/home/hasumi/pico/pico-sdk/src/rp2_common/pico_runtime/runtime.c.obj
                0x0000000010001408                exit
 .text.panic    0x000000001000140c       0x30 CMakeFiles/hid.dir/home/hasumi/pico/pico-sdk/src/rp2_common/pico_runtime/runtime.c.obj
                0x000000001000140c                panic
 .text.hard_assertion_failure
                0x000000001000143c        0xc CMakeFiles/hid.dir/home/hasumi/pico/pico-sdk/src/rp2_common/pico_runtime/runtime.c.obj
                0x000000001000143c                hard_assertion_failure
 .text.clocks_init
                0x0000000010001448      0x2e0 CMakeFiles/hid.dir/home/hasumi/pico/pico-sdk/src/rp2_common/hardware_clocks/clocks.c.obj
                0x0000000010001448                clocks_init
 .text.clock_get_hz
                0x0000000010001728        0xc CMakeFiles/hid.dir/home/hasumi/pico/pico-sdk/src/rp2_common/hardware_clocks/clocks.c.obj
                0x0000000010001728                clock_get_hz
 .text.watchdog_start_tick
                0x0000000010001734       0x10 CMakeFiles/hid.dir/home/hasumi/pico/pico-sdk/src/rp2_common/hardware_watchdog/watchdog.c.obj
                0x0000000010001734                watchdog_start_tick
 .text.xosc_init
                0x0000000010001744       0x28 CMakeFiles/hid.dir/home/hasumi/pico/pico-sdk/src/rp2_common/hardware_xosc/xosc.c.obj
                0x0000000010001744                xosc_init
 .text.pll_init
                0x000000001000176c       0x54 CMakeFiles/hid.dir/home/hasumi/pico/pico-sdk/src/rp2_common/hardware_pll/pll.c.obj
                0x000000001000176c                pll_init
 .text.irq_set_enabled
                0x00000000100017c0       0x24 CMakeFiles/hid.dir/home/hasumi/pico/pico-sdk/src/rp2_common/hardware_irq/irq.c.obj
                0x00000000100017c0                irq_set_enabled
 .text.irq_get_vtable_handler
                0x00000000100017e4       0x10 CMakeFiles/hid.dir/home/hasumi/pico/pico-sdk/src/rp2_common/hardware_irq/irq.c.obj
                0x00000000100017e4                irq_get_vtable_handler
 .text.irq_set_exclusive_handler
                0x00000000100017f4       0x54 CMakeFiles/hid.dir/home/hasumi/pico/pico-sdk/src/rp2_common/hardware_irq/irq.c.obj
                0x00000000100017f4                irq_set_exclusive_handler
 .text.irq_remove_handler
                0x0000000010001848      0x1b8 CMakeFiles/hid.dir/home/hasumi/pico/pico-sdk/src/rp2_common/hardware_irq/irq.c.obj
                0x0000000010001848                irq_remove_handler
 .text.irq_add_tail_to_free_list
                0x0000000010001a00       0xb8 CMakeFiles/hid.dir/home/hasumi/pico/pico-sdk/src/rp2_common/hardware_irq/irq.c.obj
                0x0000000010001a00                irq_add_tail_to_free_list
 .text.irq_init_priorities
                0x0000000010001ab8       0x38 CMakeFiles/hid.dir/home/hasumi/pico/pico-sdk/src/rp2_common/hardware_irq/irq.c.obj
                0x0000000010001ab8                irq_init_priorities
 .text._out_char
                0x0000000010001af0       0x10 CMakeFiles/hid.dir/home/hasumi/pico/pico-sdk/src/rp2_common/pico_printf/printf.c.obj
 .text.weak_raw_vprintf
                0x0000000010001b00       0x30 CMakeFiles/hid.dir/home/hasumi/pico/pico-sdk/src/rp2_common/pico_printf/printf.c.obj
                0x0000000010001b00                weak_raw_vprintf
 .text          0x0000000010001b30       0x10 CMakeFiles/hid.dir/home/hasumi/pico/pico-sdk/src/rp2_common/pico_bit_ops/bit_ops_aeabi.S.obj
 .text.rom_func_lookup
                0x0000000010001b40       0x10 CMakeFiles/hid.dir/home/hasumi/pico/pico-sdk/src/rp2_common/pico_bootrom/bootrom.c.obj
                0x0000000010001b40                rom_func_lookup
 .text.rom_data_lookup
                0x0000000010001b50       0x10 CMakeFiles/hid.dir/home/hasumi/pico/pico-sdk/src/rp2_common/pico_bootrom/bootrom.c.obj
                0x0000000010001b50                rom_data_lookup
 .text.rom_funcs_lookup
                0x0000000010001b60       0x3c CMakeFiles/hid.dir/home/hasumi/pico/pico-sdk/src/rp2_common/pico_bootrom/bootrom.c.obj
                0x0000000010001b60                rom_funcs_lookup
 .text.__wrap___aeabi_uidiv
                0x0000000010001b9c       0x54 CMakeFiles/hid.dir/home/hasumi/pico/pico-sdk/src/rp2_common/pico_divider/divider.S.obj
                0x0000000010001b9c                __wrap___aeabi_uidiv
                0x0000000010001b9c                __wrap___aeabi_uidivmod
                0x0000000010001b9c                div_u32u32
                0x0000000010001b9c                divmod_u32u32
                0x0000000010001ba4                divmod_u32u32_unsafe
                0x0000000010001bcc                divmod_u32u32_savestate
 .text.__wrap___aeabi_ldiv
                0x0000000010001bf0      0x430 CMakeFiles/hid.dir/home/hasumi/pico/pico-sdk/src/rp2_common/pico_divider/divider.S.obj
                0x0000000010001bf0                div_s64s64
                0x0000000010001bf0                divmod_s64s64
                0x0000000010001bf0                __wrap___aeabi_ldivmod
                0x0000000010001c28                div_u64u64
                0x0000000010001c28                divmod_u64u64
                0x0000000010001c28                __wrap___aeabi_uldivmod
                0x0000000010001c38                divmod_u64u64_savestate
                0x0000000010001c60                divmod_s64s64_unsafe
                0x0000000010001ce8                divmod_u64u64_unsafe
 .text.__aeabi_double_init
                0x0000000010002020       0xac CMakeFiles/hid.dir/home/hasumi/pico/pico-sdk/src/rp2_common/pico_double/double_init_rom.c.obj
                0x0000000010002020                __aeabi_double_init
 .text.double_table_shim_on_use_helper
                0x00000000100020cc       0x2c CMakeFiles/hid.dir/home/hasumi/pico/pico-sdk/src/rp2_common/pico_double/double_v1_rom_shim.S.obj
                0x00000000100020cc                double_table_shim_on_use_helper
 .text.__aeabi_lmul
                0x00000000100020f8       0x32 CMakeFiles/hid.dir/home/hasumi/pico/pico-sdk/src/rp2_common/pico_int64_ops/pico_int64_ops_aeabi.S.obj
                0x00000000100020f8                __wrap___aeabi_lmul
 *fill*         0x000000001000212a        0x2 
 .text.__aeabi_float_init
                0x000000001000212c       0x64 CMakeFiles/hid.dir/home/hasumi/pico/pico-sdk/src/rp2_common/pico_float/float_init_rom.c.obj
                0x000000001000212c                __aeabi_float_init
 .text.float_table_shim_on_use_helper
                0x0000000010002190       0x2c CMakeFiles/hid.dir/home/hasumi/pico/pico-sdk/src/rp2_common/pico_float/float_v1_rom_shim.S.obj
                0x0000000010002190                float_table_shim_on_use_helper
 .text          0x00000000100021bc       0x10 CMakeFiles/hid.dir/home/hasumi/pico/pico-sdk/src/rp2_common/pico_mem_ops/mem_ops_aeabi.S.obj
                0x00000000100021bc                __aeabi_mem_init
 .text.memset   0x00000000100021cc        0xc CMakeFiles/hid.dir/home/hasumi/pico/pico-sdk/src/rp2_common/pico_mem_ops/mem_ops_aeabi.S.obj
                0x00000000100021cc                __wrap_memset
 .text.memcpy   0x00000000100021d8        0xc CMakeFiles/hid.dir/home/hasumi/pico/pico-sdk/src/rp2_common/pico_mem_ops/mem_ops_aeabi.S.obj
                0x00000000100021d8                __wrap___aeabi_memcpy
                0x00000000100021d8                __wrap_memcpy
 .text.stdio_out_chars_crlf.part.0
                0x00000000100021e4       0x84 CMakeFiles/hid.dir/home/hasumi/pico/pico-sdk/src/rp2_common/pico_stdio/stdio.c.obj
 .text.stdio_put_string
                0x0000000010002268      0x100 CMakeFiles/hid.dir/home/hasumi/pico/pico-sdk/src/rp2_common/pico_stdio/stdio.c.obj
 .text.__wrap_putchar
                0x0000000010002368       0x1c CMakeFiles/hid.dir/home/hasumi/pico/pico-sdk/src/rp2_common/pico_stdio/stdio.c.obj
                0x0000000010002368                __wrap_putchar
 .text.__wrap_puts
                0x0000000010002384       0x3c CMakeFiles/hid.dir/home/hasumi/pico/pico-sdk/src/rp2_common/pico_stdio/stdio.c.obj
                0x0000000010002384                __wrap_puts
 .text.stdio_set_driver_enabled
                0x00000000100023c0       0x3c CMakeFiles/hid.dir/home/hasumi/pico/pico-sdk/src/rp2_common/pico_stdio/stdio.c.obj
                0x00000000100023c0                stdio_set_driver_enabled
 .text.stdio_uart_out_chars
                0x00000000100023fc       0x4c CMakeFiles/hid.dir/home/hasumi/pico/pico-sdk/src/rp2_common/pico_stdio_uart/stdio_uart.c.obj
 .text.stdio_uart_in_chars
                0x0000000010002448       0x38 CMakeFiles/hid.dir/home/hasumi/pico/pico-sdk/src/rp2_common/pico_stdio_uart/stdio_uart.c.obj
                0x0000000010002448                stdio_uart_in_chars
 .text.stdio_uart_init
                0x0000000010002480       0x48 CMakeFiles/hid.dir/home/hasumi/pico/pico-sdk/src/rp2_common/pico_stdio_uart/stdio_uart.c.obj
                0x0000000010002480                stdio_uart_init
 .text.dcd_rp2040_irq
                0x00000000100024c8      0x130 CMakeFiles/hid.dir/home/hasumi/pico/pico-sdk/lib/tinyusb/src/portable/raspberrypi/rp2040/dcd_rp2040.c.obj
 .text.dcd_int_enable
                0x00000000100025f8        0xc CMakeFiles/hid.dir/home/hasumi/pico/pico-sdk/lib/tinyusb/src/portable/raspberrypi/rp2040/dcd_rp2040.c.obj
                0x00000000100025f8                dcd_int_enable
 .text.dcd_set_address
                0x0000000010002604       0x30 CMakeFiles/hid.dir/home/hasumi/pico/pico-sdk/lib/tinyusb/src/portable/raspberrypi/rp2040/dcd_rp2040.c.obj
                0x0000000010002604                dcd_set_address
 .text.dcd_remote_wakeup
                0x0000000010002634       0x10 CMakeFiles/hid.dir/home/hasumi/pico/pico-sdk/lib/tinyusb/src/portable/raspberrypi/rp2040/dcd_rp2040.c.obj
                0x0000000010002634                dcd_remote_wakeup
 .text.dcd_connect
                0x0000000010002644       0x10 CMakeFiles/hid.dir/home/hasumi/pico/pico-sdk/lib/tinyusb/src/portable/raspberrypi/rp2040/dcd_rp2040.c.obj
                0x0000000010002644                dcd_connect
 .text.dcd_init
                0x0000000010002654       0xb0 CMakeFiles/hid.dir/home/hasumi/pico/pico-sdk/lib/tinyusb/src/portable/raspberrypi/rp2040/dcd_rp2040.c.obj
                0x0000000010002654                dcd_init
 .text.dcd_edpt0_status_complete
                0x0000000010002704       0x38 CMakeFiles/hid.dir/home/hasumi/pico/pico-sdk/lib/tinyusb/src/portable/raspberrypi/rp2040/dcd_rp2040.c.obj
                0x0000000010002704                dcd_edpt0_status_complete
 .text.dcd_edpt_open
                0x000000001000273c      0x148 CMakeFiles/hid.dir/home/hasumi/pico/pico-sdk/lib/tinyusb/src/portable/raspberrypi/rp2040/dcd_rp2040.c.obj
                0x000000001000273c                dcd_edpt_open
 .text.dcd_edpt_xfer
                0x0000000010002884       0x2c CMakeFiles/hid.dir/home/hasumi/pico/pico-sdk/lib/tinyusb/src/portable/raspberrypi/rp2040/dcd_rp2040.c.obj
                0x0000000010002884                dcd_edpt_xfer
 .text.dcd_edpt_stall
                0x00000000100028b0       0x50 CMakeFiles/hid.dir/home/hasumi/pico/pico-sdk/lib/tinyusb/src/portable/raspberrypi/rp2040/dcd_rp2040.c.obj
                0x00000000100028b0                dcd_edpt_stall
 .text.dcd_edpt_clear_stall
                0x0000000010002900       0x50 CMakeFiles/hid.dir/home/hasumi/pico/pico-sdk/lib/tinyusb/src/portable/raspberrypi/rp2040/dcd_rp2040.c.obj
                0x0000000010002900                dcd_edpt_clear_stall
 .text.rp2040_usb_init
                0x0000000010002950       0x50 CMakeFiles/hid.dir/home/hasumi/pico/pico-sdk/lib/tinyusb/src/portable/raspberrypi/rp2040/rp2040_usb.c.obj
                0x0000000010002950                rp2040_usb_init
 .text.hw_endpoint_reset_transfer
                0x00000000100029a0       0x14 CMakeFiles/hid.dir/home/hasumi/pico/pico-sdk/lib/tinyusb/src/portable/raspberrypi/rp2040/rp2040_usb.c.obj
                0x00000000100029a0                hw_endpoint_reset_transfer
 .text._hw_endpoint_buffer_control_update32
                0x00000000100029b4       0x54 CMakeFiles/hid.dir/home/hasumi/pico/pico-sdk/lib/tinyusb/src/portable/raspberrypi/rp2040/rp2040_usb.c.obj
                0x00000000100029b4                _hw_endpoint_buffer_control_update32
 .text._hw_endpoint_xfer_continue
                0x0000000010002a08      0x10c CMakeFiles/hid.dir/home/hasumi/pico/pico-sdk/lib/tinyusb/src/portable/raspberrypi/rp2040/rp2040_usb.c.obj
                0x0000000010002a08                _hw_endpoint_xfer_continue
 .text._hw_endpoint_xfer
                0x0000000010002b14       0xc0 CMakeFiles/hid.dir/home/hasumi/pico/pico-sdk/lib/tinyusb/src/portable/raspberrypi/rp2040/rp2040_usb.c.obj
                0x0000000010002b14                _hw_endpoint_xfer
 .text.tud_mounted
                0x0000000010002bd4       0x10 CMakeFiles/hid.dir/home/hasumi/pico/pico-sdk/lib/tinyusb/src/device/usbd.c.obj
                0x0000000010002bd4                tud_mounted
 .text.tud_suspended
                0x0000000010002be4       0x10 CMakeFiles/hid.dir/home/hasumi/pico/pico-sdk/lib/tinyusb/src/device/usbd.c.obj
                0x0000000010002be4                tud_suspended
 .text.tud_remote_wakeup
                0x0000000010002bf4       0x2c CMakeFiles/hid.dir/home/hasumi/pico/pico-sdk/lib/tinyusb/src/device/usbd.c.obj
                0x0000000010002bf4                tud_remote_wakeup
 .text.tud_init
                0x0000000010002c20       0xb0 CMakeFiles/hid.dir/home/hasumi/pico/pico-sdk/lib/tinyusb/src/device/usbd.c.obj
                0x0000000010002c20                tud_init
 .text.tud_task
                0x0000000010002cd0      0x80c CMakeFiles/hid.dir/home/hasumi/pico/pico-sdk/lib/tinyusb/src/device/usbd.c.obj
                0x0000000010002cd0                tud_task
 .text.dcd_event_bus_signal
                0x00000000100034dc       0xe0 CMakeFiles/hid.dir/home/hasumi/pico/pico-sdk/lib/tinyusb/src/device/usbd.c.obj
                0x00000000100034dc                dcd_event_bus_signal
 .text.dcd_event_setup_received
                0x00000000100035bc       0x50 CMakeFiles/hid.dir/home/hasumi/pico/pico-sdk/lib/tinyusb/src/device/usbd.c.obj
                0x00000000100035bc                dcd_event_setup_received
 .text.dcd_event_xfer_complete
                0x000000001000360c       0x68 CMakeFiles/hid.dir/home/hasumi/pico/pico-sdk/lib/tinyusb/src/device/usbd.c.obj
                0x000000001000360c                dcd_event_xfer_complete
 .text.usbd_open_edpt_pair
                0x0000000010003674       0x68 CMakeFiles/hid.dir/home/hasumi/pico/pico-sdk/lib/tinyusb/src/device/usbd.c.obj
                0x0000000010003674                usbd_open_edpt_pair
 .text.usbd_edpt_claim
                0x00000000100036dc       0x64 CMakeFiles/hid.dir/home/hasumi/pico/pico-sdk/lib/tinyusb/src/device/usbd.c.obj
                0x00000000100036dc                usbd_edpt_claim
 .text.usbd_edpt_xfer
                0x0000000010003740       0x48 CMakeFiles/hid.dir/home/hasumi/pico/pico-sdk/lib/tinyusb/src/device/usbd.c.obj
                0x0000000010003740                usbd_edpt_xfer
 .text.usbd_edpt_busy
                0x0000000010003788       0x1c CMakeFiles/hid.dir/home/hasumi/pico/pico-sdk/lib/tinyusb/src/device/usbd.c.obj
                0x0000000010003788                usbd_edpt_busy
 .text.tud_control_status
                0x00000000100037a4       0x30 CMakeFiles/hid.dir/home/hasumi/pico/pico-sdk/lib/tinyusb/src/device/usbd_control.c.obj
                0x00000000100037a4                tud_control_status
 .text.tud_control_xfer
                0x00000000100037d4       0xb8 CMakeFiles/hid.dir/home/hasumi/pico/pico-sdk/lib/tinyusb/src/device/usbd_control.c.obj
                0x00000000100037d4                tud_control_xfer
 .text.usbd_control_reset
                0x000000001000388c       0x14 CMakeFiles/hid.dir/home/hasumi/pico/pico-sdk/lib/tinyusb/src/device/usbd_control.c.obj
                0x000000001000388c                usbd_control_reset
 .text.usbd_control_set_complete_callback
                0x00000000100038a0        0xc CMakeFiles/hid.dir/home/hasumi/pico/pico-sdk/lib/tinyusb/src/device/usbd_control.c.obj
                0x00000000100038a0                usbd_control_set_complete_callback
 .text.usbd_control_set_request
                0x00000000100038ac       0x1c CMakeFiles/hid.dir/home/hasumi/pico/pico-sdk/lib/tinyusb/src/device/usbd_control.c.obj
                0x00000000100038ac                usbd_control_set_request
 .text.usbd_control_xfer_cb
                0x00000000100038c8       0xe8 CMakeFiles/hid.dir/home/hasumi/pico/pico-sdk/lib/tinyusb/src/device/usbd_control.c.obj
                0x00000000100038c8                usbd_control_xfer_cb
 .text.tud_hid_n_ready
                0x00000000100039b0       0x38 CMakeFiles/hid.dir/home/hasumi/pico/pico-sdk/lib/tinyusb/src/class/hid/hid_device.c.obj
                0x00000000100039b0                tud_hid_n_ready
 .text.tud_hid_n_keyboard_report
                0x00000000100039e8       0x88 CMakeFiles/hid.dir/home/hasumi/pico/pico-sdk/lib/tinyusb/src/class/hid/hid_device.c.obj
                0x00000000100039e8                tud_hid_n_keyboard_report
 .text.hidd_init
                0x0000000010003a70       0x14 CMakeFiles/hid.dir/home/hasumi/pico/pico-sdk/lib/tinyusb/src/class/hid/hid_device.c.obj
                0x0000000010003a70                hidd_init
 .text.hidd_reset
                0x0000000010003a84       0x14 CMakeFiles/hid.dir/home/hasumi/pico/pico-sdk/lib/tinyusb/src/class/hid/hid_device.c.obj
                0x0000000010003a84                hidd_reset
 .text.hidd_open
                0x0000000010003a98       0x90 CMakeFiles/hid.dir/home/hasumi/pico/pico-sdk/lib/tinyusb/src/class/hid/hid_device.c.obj
                0x0000000010003a98                hidd_open
 .text.hidd_control_request
                0x0000000010003b28      0x130 CMakeFiles/hid.dir/home/hasumi/pico/pico-sdk/lib/tinyusb/src/class/hid/hid_device.c.obj
                0x0000000010003b28                hidd_control_request
 .text.hidd_control_complete
                0x0000000010003c58       0x40 CMakeFiles/hid.dir/home/hasumi/pico/pico-sdk/lib/tinyusb/src/class/hid/hid_device.c.obj
                0x0000000010003c58                hidd_control_complete
 .text.hidd_xfer_cb
                0x0000000010003c98       0x34 CMakeFiles/hid.dir/home/hasumi/pico/pico-sdk/lib/tinyusb/src/class/hid/hid_device.c.obj
                0x0000000010003c98                hidd_xfer_cb
 .text.tusb_init
                0x0000000010003ccc       0x20 CMakeFiles/hid.dir/home/hasumi/pico/pico-sdk/lib/tinyusb/src/tusb.c.obj
                0x0000000010003ccc                tusb_init
 .text.tusb_inited
                0x0000000010003cec        0xc CMakeFiles/hid.dir/home/hasumi/pico/pico-sdk/lib/tinyusb/src/tusb.c.obj
                0x0000000010003cec                tusb_inited
 .text.tu_fifo_read
                0x0000000010003cf8       0xa8 CMakeFiles/hid.dir/home/hasumi/pico/pico-sdk/lib/tinyusb/src/common/tusb_fifo.c.obj
                0x0000000010003cf8                tu_fifo_read
 .text.tu_fifo_write
                0x0000000010003da0       0x84 CMakeFiles/hid.dir/home/hasumi/pico/pico-sdk/lib/tinyusb/src/common/tusb_fifo.c.obj
                0x0000000010003da0                tu_fifo_write
 .text.tu_fifo_clear
                0x0000000010003e24       0x2c CMakeFiles/hid.dir/home/hasumi/pico/pico-sdk/lib/tinyusb/src/common/tusb_fifo.c.obj
                0x0000000010003e24                tu_fifo_clear
 .text.board_init
                0x0000000010003e50       0x18 CMakeFiles/hid.dir/home/hasumi/pico/pico-sdk/lib/tinyusb/hw/bsp/raspberry_pi_pico/board_raspberry_pi_pico.c.obj
                0x0000000010003e50                board_init
 .text          0x0000000010003e68       0x68 /usr/lib/gcc/arm-none-eabi/9.2.1/../../../arm-none-eabi/lib/thumb/v6-m/nofp/libc.a(lib_a-strlen-stub.o)
                0x0000000010003e68                strlen
 *(.fini)
 .fini          0x0000000010003ed0        0x4 /usr/lib/gcc/arm-none-eabi/9.2.1/thumb/v6-m/nofp/crti.o
                0x0000000010003ed0                _fini
 *fill*         0x0000000010003ed4        0x4 
 .fini.__stub   0x0000000010003ed8       0x60 linker stubs
 *crtbegin.o(.ctors)
 *crtbegin?.o(.ctors)
 *(EXCLUDE_FILE(*crtend.o *crtend?.o) .ctors)
 *(SORT_BY_NAME(.ctors.*))
 *(.ctors)
 *crtbegin.o(.dtors)
 *crtbegin?.o(.dtors)
 *(EXCLUDE_FILE(*crtend.o *crtend?.o) .dtors)
 *(SORT_BY_NAME(.dtors.*))
 *(.dtors)
 *(.eh_frame*)
 .eh_frame      0x0000000010003f38        0x0 /usr/lib/gcc/arm-none-eabi/9.2.1/thumb/v6-m/nofp/crtbegin.o
                0x0000000010003f38                . = ALIGN (0x4)

.glue_7         0x0000000010003f38        0x0
 .glue_7        0x0000000010003f38        0x0 linker stubs

.glue_7t        0x0000000010003f38        0x0
 .glue_7t       0x0000000010003f38        0x0 linker stubs

.vfp11_veneer   0x0000000010003f38        0x0
 .vfp11_veneer  0x0000000010003f38        0x0 linker stubs

.v4_bx          0x0000000010003f38        0x0
 .v4_bx         0x0000000010003f38        0x0 linker stubs

.iplt           0x0000000010003f38        0x0
 .iplt          0x0000000010003f38        0x0 /usr/lib/gcc/arm-none-eabi/9.2.1/thumb/v6-m/nofp/crtbegin.o

.rodata         0x0000000010003f38      0x37c
 *(EXCLUDE_FILE(*libm.a: *libc.a:*lib_a-mem*.o *libgcc.a:) .rodata*)
 .rodata.conf_desc
                0x0000000010003f38       0x29 CMakeFiles/hid.dir/hid.c.obj
                0x0000000010003f38                conf_desc
 *fill*         0x0000000010003f61        0x3 
 .rodata.device_desc
                0x0000000010003f64       0x12 CMakeFiles/hid.dir/hid.c.obj
                0x0000000010003f64                device_desc
 *fill*         0x0000000010003f76        0x2 
 .rodata.hid_report_desc
                0x0000000010003f78       0x90 CMakeFiles/hid.dir/hid.c.obj
                0x0000000010003f78                hid_report_desc
 .rodata.string_desc_lang
                0x0000000010004008        0x4 CMakeFiles/hid.dir/hid.c.obj
                0x0000000010004008                string_desc_lang
 .rodata.string_desc_product
                0x000000001000400c       0x10 CMakeFiles/hid.dir/hid.c.obj
                0x000000001000400c                string_desc_product
 .rodata.spin_lock_claim_unused.str1.4
                0x000000001000401c       0x1b CMakeFiles/hid.dir/home/hasumi/pico/pico-sdk/src/rp2_common/hardware_sync/sync.c.obj
 *fill*         0x0000000010004037        0x1 
 .rodata.hardware_alarm_claim.str1.4
                0x0000000010004038       0x22 CMakeFiles/hid.dir/home/hasumi/pico/pico-sdk/src/rp2_common/hardware_timer/timer.c.obj
 *fill*         0x000000001000405a        0x2 
 .rodata.panic.str1.4
                0x000000001000405c       0x10 CMakeFiles/hid.dir/home/hasumi/pico/pico-sdk/src/rp2_common/pico_runtime/runtime.c.obj
                                         0x12 (size before relaxing)
 .rodata.hard_assertion_failure.str1.4
                0x000000001000406c        0xc CMakeFiles/hid.dir/home/hasumi/pico/pico-sdk/src/rp2_common/pico_runtime/runtime.c.obj
 .rodata.str1.4
                0x0000000010004078       0x38 CMakeFiles/hid.dir/home/hasumi/pico/pico-sdk/src/rp2_common/pico_standard_link/binary_info.c.obj
 .rodata.__bi_40
                0x00000000100040b0        0xc CMakeFiles/hid.dir/home/hasumi/pico/pico-sdk/src/rp2_common/pico_standard_link/binary_info.c.obj
 .rodata.__bi_71
                0x00000000100040bc        0xc CMakeFiles/hid.dir/home/hasumi/pico/pico-sdk/src/rp2_common/pico_standard_link/binary_info.c.obj
 .rodata.__bi_77
                0x00000000100040c8        0xc CMakeFiles/hid.dir/home/hasumi/pico/pico-sdk/src/rp2_common/pico_standard_link/binary_info.c.obj
 .rodata.crlf_str.5999
                0x00000000100040d4        0x2 CMakeFiles/hid.dir/home/hasumi/pico/pico-sdk/src/rp2_common/pico_stdio/stdio.c.obj
 *fill*         0x00000000100040d6        0x2 
 .rodata.str1.4
                0x00000000100040d8       0x2c CMakeFiles/hid.dir/home/hasumi/pico/pico-sdk/src/rp2_common/pico_stdio_uart/stdio_uart.c.obj
 .rodata.__bi_28.4708
                0x0000000010004104        0xc CMakeFiles/hid.dir/home/hasumi/pico/pico-sdk/src/rp2_common/pico_stdio_uart/stdio_uart.c.obj
 .rodata.__bi_29.4712
                0x0000000010004110        0x8 CMakeFiles/hid.dir/home/hasumi/pico/pico-sdk/src/rp2_common/pico_stdio_uart/stdio_uart.c.obj
 .rodata.dcd_rp2040_irq.str1.4
                0x0000000010004118       0x14 CMakeFiles/hid.dir/home/hasumi/pico/pico-sdk/lib/tinyusb/src/portable/raspberrypi/rp2040/dcd_rp2040.c.obj
 .rodata.dcd_remote_wakeup.str1.4
                0x000000001000412c       0x16 CMakeFiles/hid.dir/home/hasumi/pico/pico-sdk/lib/tinyusb/src/portable/raspberrypi/rp2040/dcd_rp2040.c.obj
 *fill*         0x0000000010004142        0x2 
 .rodata.dcd_edpt_open.str1.4
                0x0000000010004144       0x28 CMakeFiles/hid.dir/home/hasumi/pico/pico-sdk/lib/tinyusb/src/portable/raspberrypi/rp2040/dcd_rp2040.c.obj
 .rodata._hw_endpoint_buffer_control_update32.str1.4
                0x000000001000416c       0x1f CMakeFiles/hid.dir/home/hasumi/pico/pico-sdk/lib/tinyusb/src/portable/raspberrypi/rp2040/rp2040_usb.c.obj
 *fill*         0x000000001000418b        0x1 
 .rodata._hw_endpoint_xfer_continue.str1.4
                0x000000001000418c       0x50 CMakeFiles/hid.dir/home/hasumi/pico/pico-sdk/lib/tinyusb/src/portable/raspberrypi/rp2040/rp2040_usb.c.obj
 .rodata.str1.4
                0x00000000100041dc       0x50 CMakeFiles/hid.dir/home/hasumi/pico/pico-sdk/lib/tinyusb/src/portable/raspberrypi/rp2040/rp2040_usb.c.obj
                                          0x7 (size before relaxing)
 .rodata.tud_task
                0x00000000100041dc       0x8c CMakeFiles/hid.dir/home/hasumi/pico/pico-sdk/lib/tinyusb/src/device/usbd.c.obj
 .rodata._usbd_driver
                0x0000000010004268       0x1c CMakeFiles/hid.dir/home/hasumi/pico/pico-sdk/lib/tinyusb/src/device/usbd.c.obj
 .rodata.hidd_control_request
                0x0000000010004284       0x30 CMakeFiles/hid.dir/home/hasumi/pico/pico-sdk/lib/tinyusb/src/class/hid/hid_device.c.obj
                0x00000000100042b4                . = ALIGN (0x4)
 *(SORT_BY_ALIGNMENT(SORT_BY_NAME(.flashdata*)))
                0x00000000100042b4                . = ALIGN (0x4)

.rel.dyn        0x00000000100042b4        0x0
 .rel.iplt      0x00000000100042b4        0x0 /usr/lib/gcc/arm-none-eabi/9.2.1/thumb/v6-m/nofp/crtbegin.o

.ARM.extab
 *(.ARM.extab* .gnu.linkonce.armextab.*)
                0x00000000100042b4                __exidx_start = .

.ARM.exidx
 *(.ARM.exidx* .gnu.linkonce.armexidx.*)
                0x00000000100042b4                __exidx_end = .
                0x00000000100042b4                . = ALIGN (0x4)
                0x00000000100042b4                __binary_info_start = .

.binary_info    0x00000000100042b4       0x24
 *(.binary_info.keep.*)
 .binary_info.keep.__bi_ptr18
                0x00000000100042b4        0x4 CMakeFiles/hid.dir/home/hasumi/pico/pico-sdk/src/rp2_common/pico_standard_link/binary_info.c.obj
 .binary_info.keep.__bi_ptr26
                0x00000000100042b8        0x4 CMakeFiles/hid.dir/home/hasumi/pico/pico-sdk/src/rp2_common/pico_standard_link/binary_info.c.obj
 .binary_info.keep.__bi_ptr34
                0x00000000100042bc        0x4 CMakeFiles/hid.dir/home/hasumi/pico/pico-sdk/src/rp2_common/pico_standard_link/binary_info.c.obj
 .binary_info.keep.__bi_ptr40
                0x00000000100042c0        0x4 CMakeFiles/hid.dir/home/hasumi/pico/pico-sdk/src/rp2_common/pico_standard_link/binary_info.c.obj
 .binary_info.keep.__bi_ptr46
                0x00000000100042c4        0x4 CMakeFiles/hid.dir/home/hasumi/pico/pico-sdk/src/rp2_common/pico_standard_link/binary_info.c.obj
 .binary_info.keep.__bi_ptr71
                0x00000000100042c8        0x4 CMakeFiles/hid.dir/home/hasumi/pico/pico-sdk/src/rp2_common/pico_standard_link/binary_info.c.obj
 .binary_info.keep.__bi_ptr77
                0x00000000100042cc        0x4 CMakeFiles/hid.dir/home/hasumi/pico/pico-sdk/src/rp2_common/pico_standard_link/binary_info.c.obj
 *(.binary_info.*)
 .binary_info.__bi_ptr28
                0x00000000100042d0        0x4 CMakeFiles/hid.dir/home/hasumi/pico/pico-sdk/src/rp2_common/pico_stdio_uart/stdio_uart.c.obj
 .binary_info.__bi_ptr29
                0x00000000100042d4        0x4 CMakeFiles/hid.dir/home/hasumi/pico/pico-sdk/src/rp2_common/pico_stdio_uart/stdio_uart.c.obj
                0x00000000100042d8                __binary_info_end = .
                0x00000000100042d8                . = ALIGN (0x4)
                0x00000000100042d8                __etext = .

.ram_vector_table
                0x0000000020000000       0xc0
 *(.ram_vector_table)
 .ram_vector_table
                0x0000000020000000       0xc0 CMakeFiles/hid.dir/home/hasumi/pico/pico-sdk/src/rp2_common/pico_runtime/runtime.c.obj
                0x0000000020000000                ram_vector_table

.data           0x00000000200000c0      0x278 load address 0x00000000100042d8
                0x00000000200000c0                __data_start__ = .
 *(vtable)
 *(.time_critical*)
 .time_critical.mutex_enter_blocking
                0x00000000200000c0       0x4c CMakeFiles/hid.dir/home/hasumi/pico/pico-sdk/src/common/pico_sync/mutex.c.obj
                0x00000000200000c0                mutex_enter_blocking
 .time_critical.mutex_try_enter
                0x000000002000010c       0x48 CMakeFiles/hid.dir/home/hasumi/pico/pico-sdk/src/common/pico_sync/mutex.c.obj
                0x000000002000010c                mutex_try_enter
 .time_critical.mutex_enter_timeout_ms
                0x0000000020000154       0x98 CMakeFiles/hid.dir/home/hasumi/pico/pico-sdk/src/common/pico_sync/mutex.c.obj
                0x0000000020000154                mutex_enter_timeout_ms
 .time_critical.mutex_exit
                0x00000000200001ec       0x28 CMakeFiles/hid.dir/home/hasumi/pico/pico-sdk/src/common/pico_sync/mutex.c.obj
                0x00000000200001ec                mutex_exit
 *(.text*)
 .text          0x0000000020000214        0x4 /usr/lib/gcc/arm-none-eabi/9.2.1/thumb/v6-m/nofp/libgcc.a(_dvmd_tls.o)
                0x0000000020000214                __aeabi_ldiv0
                0x0000000020000214                __aeabi_idiv0
 .text.__stub   0x0000000020000218       0x30 linker stubs
                0x0000000020000248                . = ALIGN (0x4)
 *(.rodata*)
                0x0000000020000248                . = ALIGN (0x4)
 *(.data*)
 .data.striped_spin_lock_num
                0x0000000020000248        0x1 CMakeFiles/hid.dir/home/hasumi/pico/pico-sdk/src/rp2_common/hardware_sync/sync.c.obj
 *fill*         0x0000000020000249        0x3 
 .data.default_alarm_pool
                0x000000002000024c       0x18 CMakeFiles/hid.dir/home/hasumi/pico/pico-sdk/src/common/pico_time/time.c.obj
 .data.default_alarm_pool_heap
                0x0000000020000264       0x10 CMakeFiles/hid.dir/home/hasumi/pico/pico-sdk/src/common/pico_time/time.c.obj
 .data          0x0000000020000274       0x48 CMakeFiles/hid.dir/home/hasumi/pico/pico-sdk/src/rp2_common/hardware_irq/irq_handler_chain.S.obj
                0x0000000020000274                irq_handler_chain_slots
                0x00000000200002a4                irq_handler_chain_first_slot
                0x00000000200002ae                irq_handler_chain_remove_tail
 *fill*         0x00000000200002bc        0x4 
 .data.aeabi_bits_funcs
                0x00000000200002c0       0x10 CMakeFiles/hid.dir/home/hasumi/pico/pico-sdk/src/rp2_common/pico_bit_ops/bit_ops_aeabi.S.obj
                0x00000000200002c0                aeabi_bits_funcs
                0x00000000200002d0                aeabi_bits_funcs_end
 .data.aeabi_mem_funcs
                0x00000000200002d0       0x10 CMakeFiles/hid.dir/home/hasumi/pico/pico-sdk/src/rp2_common/pico_mem_ops/mem_ops_aeabi.S.obj
                0x00000000200002d0                aeabi_mem_funcs
                0x00000000200002e0                aeabi_mem_funcs_end
 .data.stdio_uart
                0x00000000200002e0       0x14 CMakeFiles/hid.dir/home/hasumi/pico/pico-sdk/src/rp2_common/pico_stdio_uart/stdio_uart.c.obj
                0x00000000200002e0                stdio_uart
 .data.ep_dir_string
                0x00000000200002f4        0x8 CMakeFiles/hid.dir/home/hasumi/pico/pico-sdk/lib/tinyusb/src/portable/raspberrypi/rp2040/rp2040_usb.c.obj
                0x00000000200002f4                ep_dir_string
 .data._usbd_qdef
                0x00000000200002fc       0x20 CMakeFiles/hid.dir/home/hasumi/pico/pico-sdk/lib/tinyusb/src/device/usbd.c.obj
                0x00000000200002fc                _usbd_qdef
                0x000000002000031c                . = ALIGN (0x4)
 *(.after_data.*)
                0x000000002000031c                . = ALIGN (0x4)
                0x000000002000031c                PROVIDE (__mutex_array_start = .)
 *(SORT_BY_NAME(.mutex_array.*))
 *(.mutex_array)
 .mutex_array   0x000000002000031c        0x8 CMakeFiles/hid.dir/home/hasumi/pico/pico-sdk/src/rp2_common/pico_stdio/stdio.c.obj
                0x0000000020000324                PROVIDE (__mutex_array_end = .)
                0x0000000020000324                . = ALIGN (0x4)
                0x0000000020000324                PROVIDE (__preinit_array_start = .)
 *(SORT_BY_NAME(.preinit_array.*))
 .preinit_array.00001
                0x0000000020000324        0x4 CMakeFiles/hid.dir/home/hasumi/pico/pico-sdk/src/rp2_common/pico_mem_ops/mem_ops_aeabi.S.obj
 .preinit_array.00010
                0x0000000020000328        0x4 CMakeFiles/hid.dir/home/hasumi/pico/pico-sdk/src/rp2_common/pico_bit_ops/bit_ops_aeabi.S.obj
 .preinit_array.00020
                0x000000002000032c        0x4 CMakeFiles/hid.dir/home/hasumi/pico/pico-sdk/src/rp2_common/pico_double/double_aeabi.S.obj
 .preinit_array.00020
                0x0000000020000330        0x4 CMakeFiles/hid.dir/home/hasumi/pico/pico-sdk/src/rp2_common/pico_float/float_aeabi.S.obj
 *(.preinit_array)
                0x0000000020000334                PROVIDE (__preinit_array_end = .)
                0x0000000020000334                . = ALIGN (0x4)
                0x0000000020000334                PROVIDE (__init_array_start = .)
 *(SORT_BY_NAME(.init_array.*))
 *(.init_array)
 .init_array    0x0000000020000334        0x4 /usr/lib/gcc/arm-none-eabi/9.2.1/thumb/v6-m/nofp/crtbegin.o
                0x0000000020000338                PROVIDE (__init_array_end = .)
                0x0000000020000338                . = ALIGN (0x4)
                0x0000000020000338                PROVIDE (__fini_array_start = .)
 *(SORT_BY_NAME(.fini_array.*))
 *(.fini_array)
                0x0000000020000338                PROVIDE (__fini_array_end = .)
 *(.jcr)
                0x0000000020000338                . = ALIGN (0x4)
                0x0000000020000338                __data_end__ = .

.tm_clone_table
                0x0000000020000338        0x0 load address 0x0000000010004550
 .tm_clone_table
                0x0000000020000338        0x0 /usr/lib/gcc/arm-none-eabi/9.2.1/thumb/v6-m/nofp/crtbegin.o
 .tm_clone_table
                0x0000000020000338        0x0 /usr/lib/gcc/arm-none-eabi/9.2.1/thumb/v6-m/nofp/crtend.o

.igot.plt       0x0000000020000338        0x0 load address 0x0000000010004550
 .igot.plt      0x0000000020000338        0x0 /usr/lib/gcc/arm-none-eabi/9.2.1/thumb/v6-m/nofp/crtbegin.o

.uninitialized_data
                0x0000000020000338        0x0 load address 0x0000000010004550
                0x0000000020000338                . = ALIGN (0x4)
 *(.uninitialized_data*)

.scratch_x      0x0000000020040000        0x0 load address 0x0000000010004550
                0x0000000020040000                __scratch_x_start__ = .
 *(.scratch_x.*)
                0x0000000020040000                . = ALIGN (0x4)
                0x0000000020040000                __scratch_x_end__ = .
                0x0000000010004550                __scratch_x_source__ = LOADADDR (.scratch_x)

.scratch_y      0x0000000020041000        0x0 load address 0x0000000010004550
                0x0000000020041000                __scratch_y_start__ = .
 *(.scratch_y.*)
                0x0000000020041000                . = ALIGN (0x4)
                0x0000000020041000                __scratch_y_end__ = .
                0x0000000010004550                __scratch_y_source__ = LOADADDR (.scratch_y)

.bss            0x0000000020000338      0xc4c
                0x0000000020000338                . = ALIGN (0x4)
                0x0000000020000338                __bss_start__ = .
 *(SORT_BY_ALIGNMENT(SORT_BY_NAME(.bss*)))
 .bss.default_alarm_pool_entries
                0x0000000020000338      0x100 CMakeFiles/hid.dir/home/hasumi/pico/pico-sdk/src/common/pico_time/time.c.obj
 .bss           0x0000000020000438       0x1c /usr/lib/gcc/arm-none-eabi/9.2.1/thumb/v6-m/nofp/crtbegin.o
 .bss._app_driver
                0x0000000020000454        0x4 CMakeFiles/hid.dir/home/hasumi/pico/pico-sdk/lib/tinyusb/src/device/usbd.c.obj
 .bss._ctrl_xfer
                0x0000000020000458       0x14 CMakeFiles/hid.dir/home/hasumi/pico/pico-sdk/lib/tinyusb/src/device/usbd_control.c.obj
 .bss._hidd_itf
                0x000000002000046c       0x8c CMakeFiles/hid.dir/home/hasumi/pico/pico-sdk/lib/tinyusb/src/class/hid/hid_device.c.obj
 .bss._ubsd_mutexdef
                0x00000000200004f8        0x8 CMakeFiles/hid.dir/home/hasumi/pico/pico-sdk/lib/tinyusb/src/device/usbd.c.obj
 .bss._usbd_ctrl_buf
                0x0000000020000500       0x40 CMakeFiles/hid.dir/home/hasumi/pico/pico-sdk/lib/tinyusb/src/device/usbd_control.c.obj
 .bss._usbd_dev
                0x0000000020000540       0x37 CMakeFiles/hid.dir/home/hasumi/pico/pico-sdk/lib/tinyusb/src/device/usbd.c.obj
 *fill*         0x0000000020000577        0x1 
 .bss._usbd_mutex
                0x0000000020000578        0x4 CMakeFiles/hid.dir/home/hasumi/pico/pico-sdk/lib/tinyusb/src/device/usbd.c.obj
 .bss._usbd_q   0x000000002000057c        0x4 CMakeFiles/hid.dir/home/hasumi/pico/pico-sdk/lib/tinyusb/src/device/usbd.c.obj
 .bss.alarm_callbacks
                0x0000000020000580       0x10 CMakeFiles/hid.dir/home/hasumi/pico/pico-sdk/src/rp2_common/hardware_timer/timer.c.obj
 .bss.claimed   0x0000000020000590        0x4 CMakeFiles/hid.dir/home/hasumi/pico/pico-sdk/src/rp2_common/hardware_sync/sync.c.obj
 .bss.configured_freq
                0x0000000020000594       0x28 CMakeFiles/hid.dir/home/hasumi/pico/pico-sdk/src/rp2_common/hardware_clocks/clocks.c.obj
 .bss.default_alarm_pool_entry_ids_high
                0x00000000200005bc       0x10 CMakeFiles/hid.dir/home/hasumi/pico/pico-sdk/src/common/pico_time/time.c.obj
 .bss.default_alarm_pool_heap_nodes
                0x00000000200005cc       0x30 CMakeFiles/hid.dir/home/hasumi/pico/pico-sdk/src/common/pico_time/time.c.obj
 .bss.drivers   0x00000000200005fc        0x4 CMakeFiles/hid.dir/home/hasumi/pico/pico-sdk/src/rp2_common/pico_stdio/stdio.c.obj
 .bss.filter    0x0000000020000600        0x4 CMakeFiles/hid.dir/home/hasumi/pico/pico-sdk/src/rp2_common/pico_stdio/stdio.c.obj
 .bss.hw_endpoints
                0x0000000020000604      0x680 CMakeFiles/hid.dir/home/hasumi/pico/pico-sdk/lib/tinyusb/src/portable/raspberrypi/rp2040/dcd_rp2040.c.obj
 .bss.lazy_vsnprintf
                0x0000000020000c84        0x4 CMakeFiles/hid.dir/home/hasumi/pico/pico-sdk/src/rp2_common/pico_printf/printf.c.obj
 .bss.next_buffer_ptr
                0x0000000020000c88        0x4 CMakeFiles/hid.dir/home/hasumi/pico/pico-sdk/lib/tinyusb/src/portable/raspberrypi/rp2040/dcd_rp2040.c.obj
 .bss.pools     0x0000000020000c8c       0x10 CMakeFiles/hid.dir/home/hasumi/pico/pico-sdk/src/common/pico_time/time.c.obj
 .bss.start_ms.7269
                0x0000000020000c9c        0x4 CMakeFiles/hid.dir/hid.c.obj
 .bss.target_hi
                0x0000000020000ca0       0x10 CMakeFiles/hid.dir/home/hasumi/pico/pico-sdk/src/rp2_common/hardware_timer/timer.c.obj
 .bss.uart_instance
                0x0000000020000cb0        0x4 CMakeFiles/hid.dir/home/hasumi/pico/pico-sdk/src/rp2_common/pico_stdio_uart/stdio_uart.c.obj
 .bss._app_driver_count
                0x0000000020000cb4        0x1 CMakeFiles/hid.dir/home/hasumi/pico/pico-sdk/lib/tinyusb/src/device/usbd.c.obj
 .bss._initialized
                0x0000000020000cb5        0x1 CMakeFiles/hid.dir/home/hasumi/pico/pico-sdk/lib/tinyusb/src/tusb.c.obj
 .bss.assigned_address
                0x0000000020000cb6        0x1 CMakeFiles/hid.dir/home/hasumi/pico/pico-sdk/lib/tinyusb/src/portable/raspberrypi/rp2040/dcd_rp2040.c.obj
 .bss.claimed   0x0000000020000cb7        0x1 CMakeFiles/hid.dir/home/hasumi/pico/pico-sdk/src/rp2_common/hardware_timer/timer.c.obj
 .bss.has_key.7272
                0x0000000020000cb8        0x1 CMakeFiles/hid.dir/hid.c.obj
 .bss.irq_hander_chain_free_slot_head
                0x0000000020000cb9        0x1 CMakeFiles/hid.dir/home/hasumi/pico/pico-sdk/src/rp2_common/hardware_irq/irq.c.obj
 .bss.timer_callbacks_pending
                0x0000000020000cba        0x1 CMakeFiles/hid.dir/home/hasumi/pico/pico-sdk/src/rp2_common/hardware_timer/timer.c.obj
 .bss.toggle.7273
                0x0000000020000cbb        0x1 CMakeFiles/hid.dir/hid.c.obj
 *(COMMON)
 COMMON         0x0000000020000cbc        0x4 CMakeFiles/hid.dir/home/hasumi/pico/pico-sdk/src/rp2_common/hardware_uart/uart.c.obj
                0x0000000020000cbc                uart_char_to_line_feed
 COMMON         0x0000000020000cc0      0x100 CMakeFiles/hid.dir/home/hasumi/pico/pico-sdk/src/rp2_common/pico_double/double_init_rom.c.obj
                0x0000000020000cc0                sd_table
 COMMON         0x0000000020000dc0      0x104 CMakeFiles/hid.dir/home/hasumi/pico/pico-sdk/src/rp2_common/pico_float/float_init_rom.c.obj
                0x0000000020000dc0                sf_table
                0x0000000020000ec0                sf_clz_func
 COMMON         0x0000000020000ec4       0xc0 CMakeFiles/hid.dir/home/hasumi/pico/pico-sdk/lib/tinyusb/src/device/usbd.c.obj
                0x0000000020000ec4                _usbd_qdef_buf
                0x0000000020000f84                . = ALIGN (0x4)
                0x0000000020000f84                __bss_end__ = .

.heap           0x0000000020000f84      0x800
                0x0000000020000f84                __end__ = .
                0x0000000020000f84                end = __end__
 *(.heap*)
 .heap          0x0000000020000f84      0x800 CMakeFiles/hid.dir/home/hasumi/pico/pico-sdk/src/rp2_common/pico_standard_link/crt0.S.obj
                0x0000000020001784                __HeapLimit = .

.stack1_dummy   0x0000000020040000        0x0
 *(.stack1*)

.stack_dummy    0x0000000020041000      0x800
 *(.stack*)
 .stack         0x0000000020041000      0x800 CMakeFiles/hid.dir/home/hasumi/pico/pico-sdk/src/rp2_common/pico_standard_link/crt0.S.obj

.flash_end      0x0000000010004550        0x0
                0x0000000010004550                __flash_binary_end = .
                0x0000000020040000                __StackLimit = (ORIGIN (RAM) + LENGTH (RAM))
                0x0000000020041000                __StackOneTop = (ORIGIN (SCRATCH_X) + LENGTH (SCRATCH_X))
                0x0000000020042000                __StackTop = (ORIGIN (SCRATCH_Y) + LENGTH (SCRATCH_Y))
                0x0000000020041000                __StackOneBottom = (__StackOneTop - SIZEOF (.stack1_dummy))
                0x0000000020041800                __StackBottom = (__StackTop - SIZEOF (.stack_dummy))
                0x0000000020042000                PROVIDE (__stack = __StackTop)
                0x0000000000000001                ASSERT ((__StackLimit >= __HeapLimit), region RAM overflowed)
                0x0000000000000001                ASSERT (((__binary_info_header_end - __logical_binary_start) <= 0x100), Binary info must be in first 256 bytes of the binary)
LOAD CMakeFiles/hid.dir/hid.c.obj
LOAD CMakeFiles/hid.dir/home/hasumi/pico/pico-sdk/src/rp2_common/pico_stdlib/stdlib.c.obj
LOAD CMakeFiles/hid.dir/home/hasumi/pico/pico-sdk/src/rp2_common/hardware_gpio/gpio.c.obj
LOAD CMakeFiles/hid.dir/home/hasumi/pico/pico-sdk/src/rp2_common/hardware_claim/claim.c.obj
LOAD CMakeFiles/hid.dir/home/hasumi/pico/pico-sdk/src/rp2_common/hardware_sync/sync.c.obj
LOAD CMakeFiles/hid.dir/home/hasumi/pico/pico-sdk/src/rp2_common/pico_platform/platform.c.obj
LOAD CMakeFiles/hid.dir/home/hasumi/pico/pico-sdk/src/rp2_common/hardware_uart/uart.c.obj
LOAD CMakeFiles/hid.dir/home/hasumi/pico/pico-sdk/src/rp2_common/hardware_divider/divider.S.obj
LOAD CMakeFiles/hid.dir/home/hasumi/pico/pico-sdk/src/common/pico_time/time.c.obj
LOAD CMakeFiles/hid.dir/home/hasumi/pico/pico-sdk/src/common/pico_time/timeout_helper.c.obj
LOAD CMakeFiles/hid.dir/home/hasumi/pico/pico-sdk/src/rp2_common/hardware_timer/timer.c.obj
LOAD CMakeFiles/hid.dir/home/hasumi/pico/pico-sdk/src/common/pico_sync/sem.c.obj
LOAD CMakeFiles/hid.dir/home/hasumi/pico/pico-sdk/src/common/pico_sync/lock_core.c.obj
LOAD CMakeFiles/hid.dir/home/hasumi/pico/pico-sdk/src/common/pico_sync/mutex.c.obj
LOAD CMakeFiles/hid.dir/home/hasumi/pico/pico-sdk/src/common/pico_sync/critical_section.c.obj
LOAD CMakeFiles/hid.dir/home/hasumi/pico/pico-sdk/src/common/pico_util/datetime.c.obj
LOAD CMakeFiles/hid.dir/home/hasumi/pico/pico-sdk/src/common/pico_util/pheap.c.obj
LOAD CMakeFiles/hid.dir/home/hasumi/pico/pico-sdk/src/common/pico_util/queue.c.obj
LOAD CMakeFiles/hid.dir/home/hasumi/pico/pico-sdk/src/rp2_common/pico_runtime/runtime.c.obj
LOAD CMakeFiles/hid.dir/home/hasumi/pico/pico-sdk/src/rp2_common/hardware_clocks/clocks.c.obj
LOAD CMakeFiles/hid.dir/home/hasumi/pico/pico-sdk/src/rp2_common/hardware_watchdog/watchdog.c.obj
LOAD CMakeFiles/hid.dir/home/hasumi/pico/pico-sdk/src/rp2_common/hardware_xosc/xosc.c.obj
LOAD CMakeFiles/hid.dir/home/hasumi/pico/pico-sdk/src/rp2_common/hardware_pll/pll.c.obj
LOAD CMakeFiles/hid.dir/home/hasumi/pico/pico-sdk/src/rp2_common/hardware_vreg/vreg.c.obj
LOAD CMakeFiles/hid.dir/home/hasumi/pico/pico-sdk/src/rp2_common/hardware_irq/irq.c.obj
LOAD CMakeFiles/hid.dir/home/hasumi/pico/pico-sdk/src/rp2_common/hardware_irq/irq_handler_chain.S.obj
LOAD CMakeFiles/hid.dir/home/hasumi/pico/pico-sdk/src/rp2_common/pico_printf/printf.c.obj
LOAD CMakeFiles/hid.dir/home/hasumi/pico/pico-sdk/src/rp2_common/pico_bit_ops/bit_ops_aeabi.S.obj
LOAD CMakeFiles/hid.dir/home/hasumi/pico/pico-sdk/src/rp2_common/pico_bootrom/bootrom.c.obj
LOAD CMakeFiles/hid.dir/home/hasumi/pico/pico-sdk/src/rp2_common/pico_divider/divider.S.obj
LOAD CMakeFiles/hid.dir/home/hasumi/pico/pico-sdk/src/rp2_common/pico_double/double_aeabi.S.obj
LOAD CMakeFiles/hid.dir/home/hasumi/pico/pico-sdk/src/rp2_common/pico_double/double_init_rom.c.obj
LOAD CMakeFiles/hid.dir/home/hasumi/pico/pico-sdk/src/rp2_common/pico_double/double_math.c.obj
LOAD CMakeFiles/hid.dir/home/hasumi/pico/pico-sdk/src/rp2_common/pico_double/double_v1_rom_shim.S.obj
LOAD CMakeFiles/hid.dir/home/hasumi/pico/pico-sdk/src/rp2_common/pico_int64_ops/pico_int64_ops_aeabi.S.obj
LOAD CMakeFiles/hid.dir/home/hasumi/pico/pico-sdk/src/rp2_common/pico_float/float_aeabi.S.obj
LOAD CMakeFiles/hid.dir/home/hasumi/pico/pico-sdk/src/rp2_common/pico_float/float_init_rom.c.obj
LOAD CMakeFiles/hid.dir/home/hasumi/pico/pico-sdk/src/rp2_common/pico_float/float_math.c.obj
LOAD CMakeFiles/hid.dir/home/hasumi/pico/pico-sdk/src/rp2_common/pico_float/float_v1_rom_shim.S.obj
LOAD CMakeFiles/hid.dir/home/hasumi/pico/pico-sdk/src/rp2_common/pico_malloc/pico_malloc.c.obj
LOAD CMakeFiles/hid.dir/home/hasumi/pico/pico-sdk/src/rp2_common/pico_mem_ops/mem_ops_aeabi.S.obj
LOAD CMakeFiles/hid.dir/home/hasumi/pico/pico-sdk/src/rp2_common/pico_standard_link/crt0.S.obj
LOAD CMakeFiles/hid.dir/home/hasumi/pico/pico-sdk/src/rp2_common/pico_standard_link/new_delete.cpp.obj
LOAD CMakeFiles/hid.dir/home/hasumi/pico/pico-sdk/src/rp2_common/pico_standard_link/binary_info.c.obj
LOAD CMakeFiles/hid.dir/home/hasumi/pico/pico-sdk/src/rp2_common/pico_stdio/stdio.c.obj
LOAD CMakeFiles/hid.dir/home/hasumi/pico/pico-sdk/src/rp2_common/pico_stdio_uart/stdio_uart.c.obj
LOAD CMakeFiles/hid.dir/home/hasumi/pico/pico-sdk/lib/tinyusb/src/portable/raspberrypi/rp2040/dcd_rp2040.c.obj
LOAD CMakeFiles/hid.dir/home/hasumi/pico/pico-sdk/lib/tinyusb/src/portable/raspberrypi/rp2040/rp2040_usb.c.obj
LOAD CMakeFiles/hid.dir/home/hasumi/pico/pico-sdk/lib/tinyusb/src/device/usbd.c.obj
LOAD CMakeFiles/hid.dir/home/hasumi/pico/pico-sdk/lib/tinyusb/src/device/usbd_control.c.obj
LOAD CMakeFiles/hid.dir/home/hasumi/pico/pico-sdk/lib/tinyusb/src/class/audio/audio_device.c.obj
LOAD CMakeFiles/hid.dir/home/hasumi/pico/pico-sdk/lib/tinyusb/src/class/cdc/cdc_device.c.obj
LOAD CMakeFiles/hid.dir/home/hasumi/pico/pico-sdk/lib/tinyusb/src/class/dfu/dfu_rt_device.c.obj
LOAD CMakeFiles/hid.dir/home/hasumi/pico/pico-sdk/lib/tinyusb/src/class/hid/hid_device.c.obj
LOAD CMakeFiles/hid.dir/home/hasumi/pico/pico-sdk/lib/tinyusb/src/class/midi/midi_device.c.obj
LOAD CMakeFiles/hid.dir/home/hasumi/pico/pico-sdk/lib/tinyusb/src/class/msc/msc_device.c.obj
LOAD CMakeFiles/hid.dir/home/hasumi/pico/pico-sdk/lib/tinyusb/src/class/net/net_device.c.obj
LOAD CMakeFiles/hid.dir/home/hasumi/pico/pico-sdk/lib/tinyusb/src/class/usbtmc/usbtmc_device.c.obj
LOAD CMakeFiles/hid.dir/home/hasumi/pico/pico-sdk/lib/tinyusb/src/class/vendor/vendor_device.c.obj
LOAD CMakeFiles/hid.dir/home/hasumi/pico/pico-sdk/lib/tinyusb/src/tusb.c.obj
LOAD CMakeFiles/hid.dir/home/hasumi/pico/pico-sdk/lib/tinyusb/src/common/tusb_fifo.c.obj
LOAD CMakeFiles/hid.dir/home/hasumi/pico/pico-sdk/src/rp2_common/pico_fix/rp2040_usb_device_enumeration/rp2040_usb_device_enumeration.c.obj
LOAD CMakeFiles/hid.dir/home/hasumi/pico/pico-sdk/lib/tinyusb/hw/bsp/raspberry_pi_pico/board_raspberry_pi_pico.c.obj
LOAD /tmp/ccEwlWxS.o
LOAD /usr/lib/gcc/arm-none-eabi/9.2.1/../../../arm-none-eabi/lib/thumb/v6-m/nofp/libstdc++.a
LOAD /usr/lib/gcc/arm-none-eabi/9.2.1/../../../arm-none-eabi/lib/thumb/v6-m/nofp/libm.a
START GROUP
LOAD /usr/lib/gcc/arm-none-eabi/9.2.1/thumb/v6-m/nofp/libgcc.a
LOAD /usr/lib/gcc/arm-none-eabi/9.2.1/../../../arm-none-eabi/lib/thumb/v6-m/nofp/libc.a
END GROUP
START GROUP
LOAD /usr/lib/gcc/arm-none-eabi/9.2.1/thumb/v6-m/nofp/libgcc.a
LOAD /usr/lib/gcc/arm-none-eabi/9.2.1/../../../arm-none-eabi/lib/thumb/v6-m/nofp/libc.a
LOAD /usr/lib/gcc/arm-none-eabi/9.2.1/../../../arm-none-eabi/lib/thumb/v6-m/nofp/libnosys.a
END GROUP
LOAD /usr/lib/gcc/arm-none-eabi/9.2.1/thumb/v6-m/nofp/crtend.o
LOAD /usr/lib/gcc/arm-none-eabi/9.2.1/thumb/v6-m/nofp/crtn.o
OUTPUT(hid.elf elf32-littlearm)
LOAD linker stubs

.ARM.attributes
                0x0000000000000000       0x28
 .ARM.attributes
                0x0000000000000000       0x1e /usr/lib/gcc/arm-none-eabi/9.2.1/thumb/v6-m/nofp/crti.o
 .ARM.attributes
                0x000000000000001e       0x2c /usr/lib/gcc/arm-none-eabi/9.2.1/thumb/v6-m/nofp/crtbegin.o
 .ARM.attributes
                0x000000000000004a       0x2b CMakeFiles/hid.dir/hid.c.obj
 .ARM.attributes
                0x0000000000000075       0x2b CMakeFiles/hid.dir/home/hasumi/pico/pico-sdk/src/rp2_common/pico_stdlib/stdlib.c.obj
 .ARM.attributes
                0x00000000000000a0       0x2b CMakeFiles/hid.dir/home/hasumi/pico/pico-sdk/src/rp2_common/hardware_gpio/gpio.c.obj
 .ARM.attributes
                0x00000000000000cb       0x2b CMakeFiles/hid.dir/home/hasumi/pico/pico-sdk/src/rp2_common/hardware_claim/claim.c.obj
 .ARM.attributes
                0x00000000000000f6       0x2b CMakeFiles/hid.dir/home/hasumi/pico/pico-sdk/src/rp2_common/hardware_sync/sync.c.obj
 .ARM.attributes
                0x0000000000000121       0x2b CMakeFiles/hid.dir/home/hasumi/pico/pico-sdk/src/rp2_common/pico_platform/platform.c.obj
 .ARM.attributes
                0x000000000000014c       0x2b CMakeFiles/hid.dir/home/hasumi/pico/pico-sdk/src/rp2_common/hardware_uart/uart.c.obj
 .ARM.attributes
                0x0000000000000177       0x2b CMakeFiles/hid.dir/home/hasumi/pico/pico-sdk/src/common/pico_time/time.c.obj
 .ARM.attributes
                0x00000000000001a2       0x2b CMakeFiles/hid.dir/home/hasumi/pico/pico-sdk/src/rp2_common/hardware_timer/timer.c.obj
 .ARM.attributes
                0x00000000000001cd       0x2b CMakeFiles/hid.dir/home/hasumi/pico/pico-sdk/src/common/pico_sync/lock_core.c.obj
 .ARM.attributes
                0x00000000000001f8       0x2b CMakeFiles/hid.dir/home/hasumi/pico/pico-sdk/src/common/pico_sync/mutex.c.obj
 .ARM.attributes
                0x0000000000000223       0x2b CMakeFiles/hid.dir/home/hasumi/pico/pico-sdk/src/common/pico_sync/critical_section.c.obj
 .ARM.attributes
                0x000000000000024e       0x2b CMakeFiles/hid.dir/home/hasumi/pico/pico-sdk/src/common/pico_util/pheap.c.obj
 .ARM.attributes
                0x0000000000000279       0x2b CMakeFiles/hid.dir/home/hasumi/pico/pico-sdk/src/rp2_common/pico_runtime/runtime.c.obj
 .ARM.attributes
                0x00000000000002a4       0x2b CMakeFiles/hid.dir/home/hasumi/pico/pico-sdk/src/rp2_common/hardware_clocks/clocks.c.obj
 .ARM.attributes
                0x00000000000002cf       0x2b CMakeFiles/hid.dir/home/hasumi/pico/pico-sdk/src/rp2_common/hardware_watchdog/watchdog.c.obj
 .ARM.attributes
                0x00000000000002fa       0x2b CMakeFiles/hid.dir/home/hasumi/pico/pico-sdk/src/rp2_common/hardware_xosc/xosc.c.obj
 .ARM.attributes
                0x0000000000000325       0x2b CMakeFiles/hid.dir/home/hasumi/pico/pico-sdk/src/rp2_common/hardware_pll/pll.c.obj
 .ARM.attributes
                0x0000000000000350       0x2b CMakeFiles/hid.dir/home/hasumi/pico/pico-sdk/src/rp2_common/hardware_irq/irq.c.obj
 .ARM.attributes
                0x000000000000037b       0x22 CMakeFiles/hid.dir/home/hasumi/pico/pico-sdk/src/rp2_common/hardware_irq/irq_handler_chain.S.obj
 .ARM.attributes
                0x000000000000039d       0x2b CMakeFiles/hid.dir/home/hasumi/pico/pico-sdk/src/rp2_common/pico_printf/printf.c.obj
 .ARM.attributes
                0x00000000000003c8       0x22 CMakeFiles/hid.dir/home/hasumi/pico/pico-sdk/src/rp2_common/pico_bit_ops/bit_ops_aeabi.S.obj
 .ARM.attributes
                0x00000000000003ea       0x2b CMakeFiles/hid.dir/home/hasumi/pico/pico-sdk/src/rp2_common/pico_bootrom/bootrom.c.obj
 .ARM.attributes
                0x0000000000000415       0x22 CMakeFiles/hid.dir/home/hasumi/pico/pico-sdk/src/rp2_common/pico_divider/divider.S.obj
 .ARM.attributes
                0x0000000000000437       0x22 CMakeFiles/hid.dir/home/hasumi/pico/pico-sdk/src/rp2_common/pico_double/double_aeabi.S.obj
 .ARM.attributes
                0x0000000000000459       0x2b CMakeFiles/hid.dir/home/hasumi/pico/pico-sdk/src/rp2_common/pico_double/double_init_rom.c.obj
 .ARM.attributes
                0x0000000000000484       0x22 CMakeFiles/hid.dir/home/hasumi/pico/pico-sdk/src/rp2_common/pico_double/double_v1_rom_shim.S.obj
 .ARM.attributes
                0x00000000000004a6       0x22 CMakeFiles/hid.dir/home/hasumi/pico/pico-sdk/src/rp2_common/pico_int64_ops/pico_int64_ops_aeabi.S.obj
 .ARM.attributes
                0x00000000000004c8       0x22 CMakeFiles/hid.dir/home/hasumi/pico/pico-sdk/src/rp2_common/pico_float/float_aeabi.S.obj
 .ARM.attributes
                0x00000000000004ea       0x2b CMakeFiles/hid.dir/home/hasumi/pico/pico-sdk/src/rp2_common/pico_float/float_init_rom.c.obj
 .ARM.attributes
                0x0000000000000515       0x22 CMakeFiles/hid.dir/home/hasumi/pico/pico-sdk/src/rp2_common/pico_float/float_v1_rom_shim.S.obj
 .ARM.attributes
                0x0000000000000537       0x22 CMakeFiles/hid.dir/home/hasumi/pico/pico-sdk/src/rp2_common/pico_mem_ops/mem_ops_aeabi.S.obj
 .ARM.attributes
                0x0000000000000559       0x22 CMakeFiles/hid.dir/home/hasumi/pico/pico-sdk/src/rp2_common/pico_standard_link/crt0.S.obj
 .ARM.attributes
                0x000000000000057b       0x32 CMakeFiles/hid.dir/home/hasumi/pico/pico-sdk/src/rp2_common/pico_standard_link/binary_info.c.obj
 .ARM.attributes
                0x00000000000005ad       0x2b CMakeFiles/hid.dir/home/hasumi/pico/pico-sdk/src/rp2_common/pico_stdio/stdio.c.obj
 .ARM.attributes
                0x00000000000005d8       0x2b CMakeFiles/hid.dir/home/hasumi/pico/pico-sdk/src/rp2_common/pico_stdio_uart/stdio_uart.c.obj
 .ARM.attributes
                0x0000000000000603       0x2b CMakeFiles/hid.dir/home/hasumi/pico/pico-sdk/lib/tinyusb/src/portable/raspberrypi/rp2040/dcd_rp2040.c.obj
 .ARM.attributes
                0x000000000000062e       0x2b CMakeFiles/hid.dir/home/hasumi/pico/pico-sdk/lib/tinyusb/src/portable/raspberrypi/rp2040/rp2040_usb.c.obj
 .ARM.attributes
                0x0000000000000659       0x2b CMakeFiles/hid.dir/home/hasumi/pico/pico-sdk/lib/tinyusb/src/device/usbd.c.obj
 .ARM.attributes
                0x0000000000000684       0x2b CMakeFiles/hid.dir/home/hasumi/pico/pico-sdk/lib/tinyusb/src/device/usbd_control.c.obj
 .ARM.attributes
                0x00000000000006af       0x2b CMakeFiles/hid.dir/home/hasumi/pico/pico-sdk/lib/tinyusb/src/class/hid/hid_device.c.obj
 .ARM.attributes
                0x00000000000006da       0x2b CMakeFiles/hid.dir/home/hasumi/pico/pico-sdk/lib/tinyusb/src/tusb.c.obj
 .ARM.attributes
                0x0000000000000705       0x2b CMakeFiles/hid.dir/home/hasumi/pico/pico-sdk/lib/tinyusb/src/common/tusb_fifo.c.obj
 .ARM.attributes
                0x0000000000000730       0x2b CMakeFiles/hid.dir/home/hasumi/pico/pico-sdk/lib/tinyusb/hw/bsp/raspberry_pi_pico/board_raspberry_pi_pico.c.obj
 .ARM.attributes
                0x000000000000075b       0x22 /tmp/ccEwlWxS.o
 .ARM.attributes
                0x000000000000077d       0x1e /usr/lib/gcc/arm-none-eabi/9.2.1/thumb/v6-m/nofp/libgcc.a(_dvmd_tls.o)
 .ARM.attributes
                0x000000000000079b       0x2c /usr/lib/gcc/arm-none-eabi/9.2.1/../../../arm-none-eabi/lib/thumb/v6-m/nofp/libc.a(lib_a-strlen-stub.o)
 .ARM.attributes
                0x00000000000007c7       0x2c /usr/lib/gcc/arm-none-eabi/9.2.1/thumb/v6-m/nofp/crtend.o

.comment        0x0000000000000000       0xa7
 .comment       0x0000000000000000       0x59 /usr/lib/gcc/arm-none-eabi/9.2.1/thumb/v6-m/nofp/crtbegin.o
                                         0x5a (size before relaxing)
 .comment       0x0000000000000059       0x5a CMakeFiles/hid.dir/hid.c.obj
 .comment       0x0000000000000059       0x5a CMakeFiles/hid.dir/home/hasumi/pico/pico-sdk/src/rp2_common/pico_stdlib/stdlib.c.obj
 .comment       0x0000000000000059       0x5a CMakeFiles/hid.dir/home/hasumi/pico/pico-sdk/src/rp2_common/hardware_gpio/gpio.c.obj
 .comment       0x0000000000000059       0x5a CMakeFiles/hid.dir/home/hasumi/pico/pico-sdk/src/rp2_common/hardware_claim/claim.c.obj
 .comment       0x0000000000000059       0x5a CMakeFiles/hid.dir/home/hasumi/pico/pico-sdk/src/rp2_common/hardware_sync/sync.c.obj
 .comment       0x0000000000000059       0x5a CMakeFiles/hid.dir/home/hasumi/pico/pico-sdk/src/rp2_common/pico_platform/platform.c.obj
 .comment       0x0000000000000059       0x5a CMakeFiles/hid.dir/home/hasumi/pico/pico-sdk/src/rp2_common/hardware_uart/uart.c.obj
 .comment       0x0000000000000059       0x5a CMakeFiles/hid.dir/home/hasumi/pico/pico-sdk/src/common/pico_time/time.c.obj
 .comment       0x0000000000000059       0x5a CMakeFiles/hid.dir/home/hasumi/pico/pico-sdk/src/rp2_common/hardware_timer/timer.c.obj
 .comment       0x0000000000000059       0x5a CMakeFiles/hid.dir/home/hasumi/pico/pico-sdk/src/common/pico_sync/lock_core.c.obj
 .comment       0x0000000000000059       0x5a CMakeFiles/hid.dir/home/hasumi/pico/pico-sdk/src/common/pico_sync/mutex.c.obj
 .comment       0x0000000000000059       0x5a CMakeFiles/hid.dir/home/hasumi/pico/pico-sdk/src/common/pico_sync/critical_section.c.obj
 .comment       0x0000000000000059       0x5a CMakeFiles/hid.dir/home/hasumi/pico/pico-sdk/src/common/pico_util/pheap.c.obj
 .comment       0x0000000000000059       0x5a CMakeFiles/hid.dir/home/hasumi/pico/pico-sdk/src/rp2_common/pico_runtime/runtime.c.obj
 .comment       0x0000000000000059       0x5a CMakeFiles/hid.dir/home/hasumi/pico/pico-sdk/src/rp2_common/hardware_clocks/clocks.c.obj
 .comment       0x0000000000000059       0x5a CMakeFiles/hid.dir/home/hasumi/pico/pico-sdk/src/rp2_common/hardware_watchdog/watchdog.c.obj
 .comment       0x0000000000000059       0x5a CMakeFiles/hid.dir/home/hasumi/pico/pico-sdk/src/rp2_common/hardware_xosc/xosc.c.obj
 .comment       0x0000000000000059       0x5a CMakeFiles/hid.dir/home/hasumi/pico/pico-sdk/src/rp2_common/hardware_pll/pll.c.obj
 .comment       0x0000000000000059       0x5a CMakeFiles/hid.dir/home/hasumi/pico/pico-sdk/src/rp2_common/hardware_irq/irq.c.obj
 .comment       0x0000000000000059       0x5a CMakeFiles/hid.dir/home/hasumi/pico/pico-sdk/src/rp2_common/pico_printf/printf.c.obj
 .comment       0x0000000000000059       0x5a CMakeFiles/hid.dir/home/hasumi/pico/pico-sdk/src/rp2_common/pico_bootrom/bootrom.c.obj
 .comment       0x0000000000000059       0x5a CMakeFiles/hid.dir/home/hasumi/pico/pico-sdk/src/rp2_common/pico_double/double_init_rom.c.obj
 .comment       0x0000000000000059       0x5a CMakeFiles/hid.dir/home/hasumi/pico/pico-sdk/src/rp2_common/pico_float/float_init_rom.c.obj
 .comment       0x0000000000000059       0x5a CMakeFiles/hid.dir/home/hasumi/pico/pico-sdk/src/rp2_common/pico_standard_link/binary_info.c.obj
 .comment       0x0000000000000059       0x5a CMakeFiles/hid.dir/home/hasumi/pico/pico-sdk/src/rp2_common/pico_stdio/stdio.c.obj
 .comment       0x0000000000000059       0x5a CMakeFiles/hid.dir/home/hasumi/pico/pico-sdk/src/rp2_common/pico_stdio_uart/stdio_uart.c.obj
 .comment       0x0000000000000059       0x5a CMakeFiles/hid.dir/home/hasumi/pico/pico-sdk/lib/tinyusb/src/portable/raspberrypi/rp2040/dcd_rp2040.c.obj
 .comment       0x0000000000000059       0x5a CMakeFiles/hid.dir/home/hasumi/pico/pico-sdk/lib/tinyusb/src/portable/raspberrypi/rp2040/rp2040_usb.c.obj
 .comment       0x0000000000000059       0x5a CMakeFiles/hid.dir/home/hasumi/pico/pico-sdk/lib/tinyusb/src/device/usbd.c.obj
 .comment       0x0000000000000059       0x5a CMakeFiles/hid.dir/home/hasumi/pico/pico-sdk/lib/tinyusb/src/device/usbd_control.c.obj
 .comment       0x0000000000000059       0x5a CMakeFiles/hid.dir/home/hasumi/pico/pico-sdk/lib/tinyusb/src/class/hid/hid_device.c.obj
 .comment       0x0000000000000059       0x5a CMakeFiles/hid.dir/home/hasumi/pico/pico-sdk/lib/tinyusb/src/tusb.c.obj
 .comment       0x0000000000000059       0x5a CMakeFiles/hid.dir/home/hasumi/pico/pico-sdk/lib/tinyusb/src/common/tusb_fifo.c.obj
 .comment       0x0000000000000059       0x5a CMakeFiles/hid.dir/home/hasumi/pico/pico-sdk/lib/tinyusb/hw/bsp/raspberry_pi_pico/board_raspberry_pi_pico.c.obj
 .comment       0x0000000000000059       0x4e /usr/lib/gcc/arm-none-eabi/9.2.1/../../../arm-none-eabi/lib/thumb/v6-m/nofp/libc.a(lib_a-strlen-stub.o)
                                         0x4f (size before relaxing)
 .comment       0x00000000000000a7       0x5a /usr/lib/gcc/arm-none-eabi/9.2.1/thumb/v6-m/nofp/crtend.o

.debug_line     0x0000000000000000      0x222
 .debug_line    0x0000000000000000       0x60 /usr/lib/gcc/arm-none-eabi/9.2.1/thumb/v6-m/nofp/libgcc.a(_dvmd_tls.o)
 .debug_line    0x0000000000000060      0x1c2 /usr/lib/gcc/arm-none-eabi/9.2.1/../../../arm-none-eabi/lib/thumb/v6-m/nofp/libc.a(lib_a-strlen-stub.o)

.debug_info     0x0000000000000000      0x999
 .debug_info    0x0000000000000000       0x26 /usr/lib/gcc/arm-none-eabi/9.2.1/thumb/v6-m/nofp/libgcc.a(_dvmd_tls.o)
 .debug_info    0x0000000000000026      0x973 /usr/lib/gcc/arm-none-eabi/9.2.1/../../../arm-none-eabi/lib/thumb/v6-m/nofp/libc.a(lib_a-strlen-stub.o)

.debug_abbrev   0x0000000000000000      0x1fc
 .debug_abbrev  0x0000000000000000       0x14 /usr/lib/gcc/arm-none-eabi/9.2.1/thumb/v6-m/nofp/libgcc.a(_dvmd_tls.o)
 .debug_abbrev  0x0000000000000014      0x1e8 /usr/lib/gcc/arm-none-eabi/9.2.1/../../../arm-none-eabi/lib/thumb/v6-m/nofp/libc.a(lib_a-strlen-stub.o)

.debug_aranges  0x0000000000000000       0x40
 .debug_aranges
                0x0000000000000000       0x20 /usr/lib/gcc/arm-none-eabi/9.2.1/thumb/v6-m/nofp/libgcc.a(_dvmd_tls.o)
 .debug_aranges
                0x0000000000000020       0x20 /usr/lib/gcc/arm-none-eabi/9.2.1/../../../arm-none-eabi/lib/thumb/v6-m/nofp/libc.a(lib_a-strlen-stub.o)

.debug_str      0x0000000000000000      0x613
 .debug_str     0x0000000000000000       0xa3 /usr/lib/gcc/arm-none-eabi/9.2.1/thumb/v6-m/nofp/libgcc.a(_dvmd_tls.o)
 .debug_str     0x00000000000000a3      0x570 /usr/lib/gcc/arm-none-eabi/9.2.1/../../../arm-none-eabi/lib/thumb/v6-m/nofp/libc.a(lib_a-strlen-stub.o)
                                        0x5c2 (size before relaxing)

.debug_loc      0x0000000000000000       0xa3
 .debug_loc     0x0000000000000000       0xa3 /usr/lib/gcc/arm-none-eabi/9.2.1/../../../arm-none-eabi/lib/thumb/v6-m/nofp/libc.a(lib_a-strlen-stub.o)

.debug_frame    0x0000000000000000       0x28
 .debug_frame   0x0000000000000000       0x28 /usr/lib/gcc/arm-none-eabi/9.2.1/../../../arm-none-eabi/lib/thumb/v6-m/nofp/libc.a(lib_a-strlen-stub.o)
